Component: ARM Compiler 5.06 update 6 (build 750) Tool: armlink [4d35ed]

==============================================================================

Section Cross References

    startup_stm32f103xe.o(RESET) refers to startup_stm32f103xe.o(STACK) for __initial_sp
    startup_stm32f103xe.o(RESET) refers to startup_stm32f103xe.o(.text) for Reset_Handler
    startup_stm32f103xe.o(RESET) refers to stm32f1xx_it.o(i.NMI_Handler) for NMI_Handler
    startup_stm32f103xe.o(RESET) refers to stm32f1xx_it.o(i.HardFault_Handler) for HardFault_Handler
    startup_stm32f103xe.o(RESET) refers to stm32f1xx_it.o(i.MemManage_Handler) for MemManage_Handler
    startup_stm32f103xe.o(RESET) refers to stm32f1xx_it.o(i.BusFault_Handler) for BusFault_Handler
    startup_stm32f103xe.o(RESET) refers to stm32f1xx_it.o(i.UsageFault_Handler) for UsageFault_Handler
    startup_stm32f103xe.o(RESET) refers to stm32f1xx_it.o(i.SVC_Handler) for SVC_Handler
    startup_stm32f103xe.o(RESET) refers to stm32f1xx_it.o(i.DebugMon_Handler) for DebugMon_Handler
    startup_stm32f103xe.o(RESET) refers to stm32f1xx_it.o(i.PendSV_Handler) for PendSV_Handler
    startup_stm32f103xe.o(RESET) refers to stm32f1xx_it.o(i.SysTick_Handler) for SysTick_Handler
    startup_stm32f103xe.o(RESET) refers to stm32f1xx_it.o(i.DMA1_Channel3_IRQHandler) for DMA1_Channel3_IRQHandler
    startup_stm32f103xe.o(RESET) refers to stm32f1xx_it.o(i.DMA1_Channel4_IRQHandler) for DMA1_Channel4_IRQHandler
    startup_stm32f103xe.o(RESET) refers to stm32f1xx_it.o(i.DMA1_Channel5_IRQHandler) for DMA1_Channel5_IRQHandler
    startup_stm32f103xe.o(RESET) refers to stm32f1xx_it.o(i.USART1_IRQHandler) for USART1_IRQHandler
    startup_stm32f103xe.o(RESET) refers to stm32f1xx_it.o(i.TIM8_UP_IRQHandler) for TIM8_UP_IRQHandler
    startup_stm32f103xe.o(RESET) refers to stm32f1xx_it.o(i.TIM6_IRQHandler) for TIM6_IRQHandler
    startup_stm32f103xe.o(RESET) refers to stm32f1xx_it.o(i.TIM7_IRQHandler) for TIM7_IRQHandler
    startup_stm32f103xe.o(.text) refers to system_stm32f1xx.o(i.SystemInit) for SystemInit
    startup_stm32f103xe.o(.text) refers to entry.o(.ARM.Collect$$$$00000000) for __main
    oled_driver.o(i._ZN11OLED_Driver10Calc_ColorEv) refers to oled_driver.o(.data) for .data
    oled_driver.o(i._ZN11OLED_Driver10Draw_PixelEss) refers to oled_driver.o(.data) for .data
    oled_driver.o(i._ZN11OLED_Driver10Draw_PixelEss) refers to oled_driver.o(.bss) for .bss
    oled_driver.o(i._ZN11OLED_Driver10Draw_PixelEsst) refers to oled_driver.o(.bss) for .bss
    oled_driver.o(i._ZN11OLED_Driver10Fill_ColorEt) refers to oled_driver.o(.data) for .data
    oled_driver.o(i._ZN11OLED_Driver10Fill_ColorEt) refers to oled_driver.o(.bss) for .bss
    oled_driver.o(i._ZN11OLED_Driver10Fill_ColorEv) refers to oled_driver.o(.data) for .data
    oled_driver.o(i._ZN11OLED_Driver10Fill_ColorEv) refers to oled_driver.o(.bss) for .bss
    oled_driver.o(i._ZN11OLED_Driver10OLED_F8x16Eiih) refers to oled_driver.o(i._ZN11OLED_Driver10Draw_PixelEss) for OLED_Driver::Draw_Pixel(short, short)
    oled_driver.o(i._ZN11OLED_Driver10OLED_F8x16Eiih) refers to oled_driver.o(.constdata) for .constdata
    oled_driver.o(i._ZN11OLED_Driver10OLED_F8x16Eiiht) refers to oled_driver.o(i._ZN11OLED_Driver10Draw_PixelEsst) for OLED_Driver::Draw_Pixel(short, short, unsigned short)
    oled_driver.o(i._ZN11OLED_Driver10OLED_F8x16Eiiht) refers to oled_driver.o(.constdata) for .constdata
    oled_driver.o(i._ZN11OLED_Driver10OLED_F8x16Eiihtt) refers to oled_driver.o(i._ZN11OLED_Driver10Draw_PixelEsst) for OLED_Driver::Draw_Pixel(short, short, unsigned short)
    oled_driver.o(i._ZN11OLED_Driver10OLED_F8x16Eiihtt) refers to oled_driver.o(.constdata) for .constdata
    oled_driver.o(i._ZN11OLED_Driver10OLED_F8x16Eiihtt) refers to oled_driver.o(.bss) for .bss
    oled_driver.o(i._ZN11OLED_Driver10OLED_NF6x8Eiihh) refers to oled_driver.o(i._ZN11OLED_Driver10Draw_PixelEss) for OLED_Driver::Draw_Pixel(short, short)
    oled_driver.o(i._ZN11OLED_Driver10OLED_NF6x8Eiihh) refers to oled_driver.o(.constdata) for .constdata
    oled_driver.o(i._ZN11OLED_Driver10Set_WheelfEt) refers to oled_driver.o(.data) for .data
    oled_driver.o(i._ZN11OLED_Driver10Write_DataEPht) refers to oled_driver.o(i._ZN11OLED_Driver10Write_DataEh) for OLED_Driver::Write_Data(unsigned char)
    oled_driver.o(i._ZN11OLED_Driver10Write_textEh) refers to oled_driver.o(i._ZN11OLED_Driver10Write_DataEPht) for OLED_Driver::Write_Data(unsigned char*, unsigned short)
    oled_driver.o(i._ZN11OLED_Driver10Write_textEh) refers to oled_driver.o(i._ZN11OLED_Driver10Write_DataEh) for OLED_Driver::Write_Data(unsigned char)
    oled_driver.o(i._ZN11OLED_Driver10Write_textEh) refers to oled_driver.o(.data) for .data
    oled_driver.o(i._ZN11OLED_Driver11Device_InitEv) refers to stm32f1xx_hal.o(i.HAL_Delay) for HAL_Delay
[...]
    RTC_Alarm_IRQHandler                     0x08000163   Thumb Code     0  startup_stm32f103xe.o(.text)
    RTC_IRQHandler                           0x08000163   Thumb Code     0  startup_stm32f103xe.o(.text)
    SDIO_IRQHandler                          0x08000163   Thumb Code     0  startup_stm32f103xe.o(.text)
    SPI1_IRQHandler                          0x08000163   Thumb Code     0  startup_stm32f103xe.o(.text)
    SPI2_IRQHandler                          0x08000163   Thumb Code     0  startup_stm32f103xe.o(.text)
    SPI3_IRQHandler                          0x08000163   Thumb Code     0  startup_stm32f103xe.o(.text)
    TAMPER_IRQHandler                        0x08000163   Thumb Code     0  startup_stm32f103xe.o(.text)
    TIM1_BRK_IRQHandler                      0x08000163   Thumb Code     0  startup_stm32f103xe.o(.text)
    TIM1_CC_IRQHandler                       0x08000163   Thumb Code     0  startup_stm32f103xe.o(.text)
    TIM1_TRG_COM_IRQHandler                  0x08000163   Thumb Code     0  startup_stm32f103xe.o(.text)
    TIM1_UP_IRQHandler                       0x08000163   Thumb Code     0  startup_stm32f103xe.o(.text)
    TIM2_IRQHandler                          0x08000163   Thumb Code     0  startup_stm32f103xe.o(.text)
    TIM3_IRQHandler                          0x08000163   Thumb Code     0  startup_stm32f103xe.o(.text)
    TIM4_IRQHandler                          0x08000163   Thumb Code     0  startup_stm32f103xe.o(.text)
    TIM5_IRQHandler                          0x08000163   Thumb Code     0  startup_stm32f103xe.o(.text)
    TIM8_BRK_IRQHandler                      0x08000163   Thumb Code     0  startup_stm32f103xe.o(.text)
    TIM8_CC_IRQHandler                       0x08000163   Thumb Code     0  startup_stm32f103xe.o(.text)
    TIM8_TRG_COM_IRQHandler                  0x08000163   Thumb Code     0  startup_stm32f103xe.o(.text)
    UART4_IRQHandler                         0x08000163   Thumb Code     0  startup_stm32f103xe.o(.text)
    UART5_IRQHandler                         0x08000163   Thumb Code     0  startup_stm32f103xe.o(.text)
    USART2_IRQHandler                        0x08000163   Thumb Code     0  startup_stm32f103xe.o(.text)
    USART3_IRQHandler                        0x08000163   Thumb Code     0  startup_stm32f103xe.o(.text)
    USBWakeUp_IRQHandler                     0x08000163   Thumb Code     0  startup_stm32f103xe.o(.text)
    USB_HP_CAN1_TX_IRQHandler                0x08000163   Thumb Code     0  startup_stm32f103xe.o(.text)
    USB_LP_CAN1_RX0_IRQHandler               0x08000163   Thumb Code     0  startup_stm32f103xe.o(.text)
    WWDG_IRQHandler                          0x08000163   Thumb Code     0  startup_stm32f103xe.o(.text)
    __aeabi_llsr                             0x0800016d   Thumb Code    32  llushr.o(.text)
    _ll_ushift_r                             0x0800016d   Thumb Code     0  llushr.o(.text)
    rand                                     0x0800018d   Thumb Code    20  rand.o(.text)
    srand                                    0x080001a1   Thumb Code     6  rand.o(.text)
    __aeabi_memset                           0x080001b1   Thumb Code    14  memseta.o(.text)
    __aeabi_memset4                          0x080001b1   Thumb Code     0  memseta.o(.text)
    __aeabi_memset8                          0x080001b1   Thumb Code     0  memseta.o(.text)
    __aeabi_memclr                           0x080001bf   Thumb Code     4  memseta.o(.text)
    __aeabi_memclr4                          0x080001bf   Thumb Code     0  memseta.o(.text)
    __aeabi_memclr8                          0x080001bf   Thumb Code     0  memseta.o(.text)
    _memset$wrapper                          0x080001c3   Thumb Code    18  memseta.o(.text)
    __cpp_initialize__aeabi_                 0x080001d5   Thumb Code    22  cpp_init.o(.text)
    __aeabi_fadd                             0x080001f5   Thumb Code   164  fadd.o(.text)
    __aeabi_fsub                             0x08000299   Thumb Code     6  fadd.o(.text)
    __aeabi_frsub                            0x0800029f   Thumb Code     6  fadd.o(.text)
    __aeabi_fmul                             0x080002a5   Thumb Code   100  fmul.o(.text)
    __aeabi_fdiv                             0x08000309   Thumb Code   124  fdiv.o(.text)
    __ARM_scalbnf                            0x08000385   Thumb Code    24  fscalb.o(.text)
    scalbnf                                  0x08000385   Thumb Code     0  fscalb.o(.text)
    __aeabi_dadd                             0x0800039d   Thumb Code   322  dadd.o(.text)
    __aeabi_dsub                             0x080004df   Thumb Code     6  dadd.o(.text)
    __aeabi_drsub                            0x080004e5   Thumb Code     6  dadd.o(.text)
    __aeabi_dmul                             0x080004eb   Thumb Code   228  dmul.o(.text)
    __aeabi_ddiv                             0x080005cf   Thumb Code   222  ddiv.o(.text)
    __aeabi_i2f                              0x080006ad   Thumb Code    18  fflti.o(.text)
    __aeabi_ui2f                             0x080006bf   Thumb Code    10  ffltui.o(.text)
    __aeabi_ui2d                             0x080006c9   Thumb Code    26  dfltui.o(.text)
    __aeabi_f2iz                             0x080006e3   Thumb Code    50  ffixi.o(.text)
    __aeabi_f2uiz                            0x08000715   Thumb Code    40  ffixui.o(.text)
    __aeabi_f2d                              0x0800073d   Thumb Code    38  f2d.o(.text)
    __aeabi_d2f                              0x08000763   Thumb Code    56  d2f.o(.text)
    __aeabi_cfcmpeq                          0x0800079d   Thumb Code     0  cfcmple.o(.text)
    __aeabi_cfcmple                          0x0800079d   Thumb Code    20  cfcmple.o(.text)
    __aeabi_cfrcmple                         0x080007b1   Thumb Code    20  cfrcmple.o(.text)
    __aeabi_uidiv                            0x080007c5   Thumb Code     0  uidiv.o(.text)
    __aeabi_uidivmod                         0x080007c5   Thumb Code    44  uidiv.o(.text)
    __aeabi_uldivmod                         0x080007f1   Thumb Code    98  uldiv.o(.text)
    __aeabi_llsl                             0x08000853   Thumb Code    30  llshl.o(.text)
    _ll_shift_l                              0x08000853   Thumb Code     0  llshl.o(.text)
    __aeabi_lasr                             0x08000871   Thumb Code    36  llsshr.o(.text)
    _ll_sshift_r                             0x08000871   Thumb Code     0  llsshr.o(.text)
    __I$use$fp                               0x08000895   Thumb Code     0  iusefp.o(.text)
    _float_round                             0x08000895   Thumb Code    18  fepilogue.o(.text)
    _float_epilogue                          0x080008a7   Thumb Code    92  fepilogue.o(.text)
    _frnd                                    0x08000903   Thumb Code    60  frnd.o(.text)
    _double_round                            0x0800093f   Thumb Code    30  depilogue.o(.text)
    _double_epilogue                         0x0800095d   Thumb Code   156  depilogue.o(.text)
    __aeabi_d2ulz                            0x080009f9   Thumb Code    48  dfixul.o(.text)
    __aeabi_cdrcmple                         0x08000a29   Thumb Code    48  cdrcmple.o(.text)
    __scatterload                            0x08000a59   Thumb Code    28  init.o(.text)
    __scatterload_rt2                        0x08000a59   Thumb Code     0  init.o(.text)
    __decompress                             0x08000a7d   Thumb Code     0  __dczerorl2.o(.text)
    __decompress1                            0x08000a7d   Thumb Code    86  __dczerorl2.o(.text)
    ADC_ConversionStop_Disable               0x08000ad5   Thumb Code    76  stm32f1xx_hal_adc.o(i.ADC_ConversionStop_Disable)
    AnalysisCommand                          0x08000b21   Thumb Code   376  usart.o(i.AnalysisCommand)
    AnalysisComputermsg                      0x08000cf5   Thumb Code   586  usart.o(i.AnalysisComputermsg)
    AnalysisFFT                              0x08000f55   Thumb Code   118  usart.o(i.AnalysisFFT)
    AnalysisMiStaus                          0x08000fd9   Thumb Code    68  usart.o(i.AnalysisMiStaus)
    BusFault_Handler                         0x08001021   Thumb Code     2  stm32f1xx_it.o(i.BusFault_Handler)
    ClearFFT                                 0x08001025   Thumb Code    28  usart.o(i.ClearFFT)
    ConvertData                              0x08001045   Thumb Code   440  usart.o(i.ConvertData)
    DMA1_Channel3_IRQHandler                 0x08001295   Thumb Code     6  stm32f1xx_it.o(i.DMA1_Channel3_IRQHandler)
    DMA1_Channel4_IRQHandler                 0x080012a1   Thumb Code     6  stm32f1xx_it.o(i.DMA1_Channel4_IRQHandler)
    DMA1_Channel5_IRQHandler                 0x080012ad   Thumb Code     6  stm32f1xx_it.o(i.DMA1_Channel5_IRQHandler)
    DebugMon_Handler                         0x080012b9   Thumb Code     2  stm32f1xx_it.o(i.DebugMon_Handler)
    Error_Handler                            0x080012bb   Thumb Code     2  main.o(i.Error_Handler)
    FLASH_WaitForLastOperation               0x080012bd   Thumb Code    80  stm32f1xx_hal_flash.o(i.FLASH_WaitForLastOperation)
    HAL_ADC_ConfigChannel                    0x08001311   Thumb Code   240  stm32f1xx_hal_adc.o(i.HAL_ADC_ConfigChannel)
    HAL_ADC_Init                             0x0800140d   Thumb Code   272  stm32f1xx_hal_adc.o(i.HAL_ADC_Init)
    HAL_ADC_MspInit                          0x0800152d   Thumb Code    76  adc.o(i.HAL_ADC_MspInit)
    HAL_DMA_Abort                            0x08001585   Thumb Code    70  stm32f1xx_hal_dma.o(i.HAL_DMA_Abort)
    HAL_DMA_Abort_IT                         0x080015cd   Thumb Code   296  stm32f1xx_hal_dma.o(i.HAL_DMA_Abort_IT)
    HAL_DMA_IRQHandler                       0x080016fd   Thumb Code   552  stm32f1xx_hal_dma.o(i.HAL_DMA_IRQHandler)
    HAL_DMA_Init                             0x08001945   Thumb Code   112  stm32f1xx_hal_dma.o(i.HAL_DMA_Init)
    HAL_DMA_Start_IT                         0x080019c1   Thumb Code   112  stm32f1xx_hal_dma.o(i.HAL_DMA_Start_IT)
    HAL_Delay                                0x08001a31   Thumb Code    32  stm32f1xx_hal.o(i.HAL_Delay)
    HAL_FLASH_Lock                           0x08001a55   Thumb Code    14  stm32f1xx_hal_flash.o(i.HAL_FLASH_Lock)
    HAL_FLASH_Program                        0x08001a69   Thumb Code   120  stm32f1xx_hal_flash.o(i.HAL_FLASH_Program)
    HAL_FLASH_Unlock                         0x08001ae9   Thumb Code    28  stm32f1xx_hal_flash.o(i.HAL_FLASH_Unlock)
    HAL_GPIO_Init                            0x08001b11   Thumb Code   462  stm32f1xx_hal_gpio.o(i.HAL_GPIO_Init)
    HAL_GPIO_WritePin                        0x08001d09   Thumb Code    10  stm32f1xx_hal_gpio.o(i.HAL_GPIO_WritePin)
    HAL_GetTick                              0x08001d15   Thumb Code     6  stm32f1xx_hal.o(i.HAL_GetTick)
    HAL_IncTick                              0x08001d21   Thumb Code    12  stm32f1xx_hal.o(i.HAL_IncTick)
    HAL_Init                                 0x08001d31   Thumb Code    32  stm32f1xx_hal.o(i.HAL_Init)
    HAL_InitTick                             0x08001d55   Thumb Code    54  stm32f1xx_hal.o(i.HAL_InitTick)
    HAL_MspInit                              0x08001d95   Thumb Code    52  stm32f1xx_hal_msp.o(i.HAL_MspInit)
    HAL_NVIC_EnableIRQ                       0x08001dd1   Thumb Code    26  stm32f1xx_hal_cortex.o(i.HAL_NVIC_EnableIRQ)
    HAL_NVIC_SetPriority                     0x08001ded   Thumb Code    60  stm32f1xx_hal_cortex.o(i.HAL_NVIC_SetPriority)
    HAL_NVIC_SetPriorityGrouping             0x08001e2d   Thumb Code    26  stm32f1xx_hal_cortex.o(i.HAL_NVIC_SetPriorityGrouping)
    HAL_RCCEx_PeriphCLKConfig                0x08001e51   Thumb Code   224  stm32f1xx_hal_rcc_ex.o(i.HAL_RCCEx_PeriphCLKConfig)
    HAL_RCC_ClockConfig                      0x08001f3d   Thumb Code   280  stm32f1xx_hal_rcc.o(i.HAL_RCC_ClockConfig)
    HAL_RCC_GetPCLK1Freq                     0x08002069   Thumb Code    20  stm32f1xx_hal_rcc.o(i.HAL_RCC_GetPCLK1Freq)
    HAL_RCC_GetPCLK2Freq                     0x08002089   Thumb Code    20  stm32f1xx_hal_rcc.o(i.HAL_RCC_GetPCLK2Freq)
    HAL_RCC_GetSysClockFreq                  0x080020a9   Thumb Code    76  stm32f1xx_hal_rcc.o(i.HAL_RCC_GetSysClockFreq)
    HAL_RCC_OscConfig                        0x08002115   Thumb Code   778  stm32f1xx_hal_rcc.o(i.HAL_RCC_OscConfig)
    HAL_SYSTICK_Config                       0x08002435   Thumb Code    40  stm32f1xx_hal_cortex.o(i.HAL_SYSTICK_Config)
    HAL_TIMEx_BreakCallback                  0x0800245d   Thumb Code     2  stm32f1xx_hal_tim_ex.o(i.HAL_TIMEx_BreakCallback)
    HAL_TIMEx_CommutCallback                 0x0800245f   Thumb Code     2  stm32f1xx_hal_tim_ex.o(i.HAL_TIMEx_CommutCallback)
    HAL_TIMEx_MasterConfigSynchronization    0x08002461   Thumb Code    66  stm32f1xx_hal_tim_ex.o(i.HAL_TIMEx_MasterConfigSynchronization)
    HAL_TIM_Base_Init                        0x080024a3   Thumb Code    54  stm32f1xx_hal_tim.o(i.HAL_TIM_Base_Init)
    HAL_TIM_Base_MspInit                     0x080024d9   Thumb Code   144  tim.o(i.HAL_TIM_Base_MspInit)
    HAL_TIM_Base_Start_IT                    0x0800257d   Thumb Code    34  stm32f1xx_hal_tim.o(i.HAL_TIM_Base_Start_IT)
    HAL_TIM_Base_Stop_IT                     0x0800259f   Thumb Code    42  stm32f1xx_hal_tim.o(i.HAL_TIM_Base_Stop_IT)
    HAL_TIM_ConfigClockSource                0x080025c9   Thumb Code   214  stm32f1xx_hal_tim.o(i.HAL_TIM_ConfigClockSource)
    HAL_TIM_IC_CaptureCallback               0x0800269f   Thumb Code     2  stm32f1xx_hal_tim.o(i.HAL_TIM_IC_CaptureCallback)
    HAL_TIM_IRQHandler                       0x080026a1   Thumb Code   358  stm32f1xx_hal_tim.o(i.HAL_TIM_IRQHandler)
    HAL_TIM_MspPostInit                      0x08002809   Thumb Code    82  tim.o(i.HAL_TIM_MspPostInit)
    HAL_TIM_OC_DelayElapsedCallback          0x0800286d   Thumb Code     2  stm32f1xx_hal_tim.o(i.HAL_TIM_OC_DelayElapsedCallback)
    HAL_TIM_PWM_ConfigChannel                0x0800286f   Thumb Code   208  stm32f1xx_hal_tim.o(i.HAL_TIM_PWM_ConfigChannel)
    HAL_TIM_PWM_Init                         0x0800293f   Thumb Code    54  stm32f1xx_hal_tim.o(i.HAL_TIM_PWM_Init)
    HAL_TIM_PWM_MspInit                      0x08002975   Thumb Code     2  stm32f1xx_hal_tim.o(i.HAL_TIM_PWM_MspInit)
    HAL_TIM_PWM_PulseFinishedCallback        0x08002977   Thumb Code     2  stm32f1xx_hal_tim.o(i.HAL_TIM_PWM_PulseFinishedCallback)
    HAL_TIM_PWM_Start                        0x08002979   Thumb Code    58  stm32f1xx_hal_tim.o(i.HAL_TIM_PWM_Start)
    HAL_TIM_PeriodElapsedCallback            0x080029bd   Thumb Code   342  main.o(i.HAL_TIM_PeriodElapsedCallback)
    HAL_TIM_TriggerCallback                  0x08002b41   Thumb Code     2  stm32f1xx_hal_tim.o(i.HAL_TIM_TriggerCallback)
    HAL_UART_DMAStop                         0x08002b43   Thumb Code    88  stm32f1xx_hal_uart.o(i.HAL_UART_DMAStop)
    HAL_UART_ErrorCallback                   0x08002b9b   Thumb Code     2  stm32f1xx_hal_uart.o(i.HAL_UART_ErrorCallback)
    HAL_UART_IRQHandler                      0x08002b9d   Thumb Code   266  stm32f1xx_hal_uart.o(i.HAL_UART_IRQHandler)
    HAL_UART_Init                            0x08002cad   Thumb Code    98  stm32f1xx_hal_uart.o(i.HAL_UART_Init)
    HAL_UART_MspInit                         0x08002d11   Thumb Code   320  usart.o(i.HAL_UART_MspInit)
    HAL_UART_Receive_DMA                     0x08002e6d   Thumb Code   138  stm32f1xx_hal_uart.o(i.HAL_UART_Receive_DMA)
    HAL_UART_Receive_IT                      0x08002f05   Thumb Code    82  stm32f1xx_hal_uart.o(i.HAL_UART_Receive_IT)
    HAL_UART_RxCpltCallback                  0x08002f59   Thumb Code   178  usart.o(i.HAL_UART_RxCpltCallback)
    HAL_UART_RxHalfCpltCallback              0x08003019   Thumb Code     2  stm32f1xx_hal_uart.o(i.HAL_UART_RxHalfCpltCallback)
    HAL_UART_Transmit                        0x0800301b   Thumb Code   186  stm32f1xx_hal_uart.o(i.HAL_UART_Transmit)
    HAL_UART_Transmit_IT                     0x080030d5   Thumb Code    62  stm32f1xx_hal_uart.o(i.HAL_UART_Transmit_IT)
    HAL_UART_TxCpltCallback                  0x08003113   Thumb Code     2  stm32f1xx_hal_uart.o(i.HAL_UART_TxCpltCallback)
    HardFault_Handler                        0x08003115   Thumb Code     2  stm32f1xx_it.o(i.HardFault_Handler)
    InitData                                 0x08003119   Thumb Code   224  usart.o(i.InitData)
    MUSIC_Mode                               0x0800325d   Thumb Code   104  main.o(i.MUSIC_Mode)
    MX_ADC1_Init                             0x080032cd   Thumb Code    68  adc.o(i.MX_ADC1_Init)
    MX_DMA_Init                              0x08003319   Thumb Code    72  dma.o(i.MX_DMA_Init)
    MX_GPIO_Init                             0x08003365   Thumb Code   212  gpio.o(i.MX_GPIO_Init)
    MX_TIM3_Init                             0x08003449   Thumb Code   146  tim.o(i.MX_TIM3_Init)
    MX_TIM6_Init                             0x080034e5   Thumb Code    62  tim.o(i.MX_TIM6_Init)
    MX_TIM7_Init                             0x0800352d   Thumb Code    64  tim.o(i.MX_TIM7_Init)
    MX_TIM8_Init                             0x08003575   Thumb Code    98  tim.o(i.MX_TIM8_Init)
    MX_USART1_UART_Init                      0x080035e1   Thumb Code    48  usart.o(i.MX_USART1_UART_Init)
    MX_USART3_UART_Init                      0x08003619   Thumb Code    48  usart.o(i.MX_USART3_UART_Init)
    MemManage_Handler                        0x08003651   Thumb Code     2  stm32f1xx_it.o(i.MemManage_Handler)
    NMI_Handler                              0x08003653   Thumb Code     2  stm32f1xx_it.o(i.NMI_Handler)
    NORMAL_Mode                              0x08003655   Thumb Code   104  main.o(i.NORMAL_Mode)
    OFFLINE_Mode                             0x080036c9   Thumb Code   210  main.o(i.OFFLINE_Mode)
    PendSV_Handler                           0x080037d1   Thumb Code     2  stm32f1xx_it.o(i.PendSV_Handler)
    Recvcmd                                  0x080037d5   Thumb Code   108  usart.o(i.Recvcmd)
    SLEEP_Mode                               0x08003851   Thumb Code   106  main.o(i.SLEEP_Mode)
    SVC_Handler                              0x080038c5   Thumb Code     2  stm32f1xx_it.o(i.SVC_Handler)
    SysTick_Handler                          0x080038c7   Thumb Code     4  stm32f1xx_it.o(i.SysTick_Handler)
    SystemInit                               0x080038cd   Thumb Code    56  system_stm32f1xx.o(i.SystemInit)
    TIM6_IRQHandler                          0x08003915   Thumb Code     6  stm32f1xx_it.o(i.TIM6_IRQHandler)
    TIM7_IRQHandler                          0x08003921   Thumb Code     6  stm32f1xx_it.o(i.TIM7_IRQHandler)
    TIM8_UP_IRQHandler                       0x0800392d   Thumb Code     6  stm32f1xx_it.o(i.TIM8_UP_IRQHandler)
    TIME_Mode                                0x08003939   Thumb Code   104  main.o(i.TIME_Mode)
    TIM_Base_SetConfig                       0x080039ad   Thumb Code   120  stm32f1xx_hal_tim.o(i.TIM_Base_SetConfig)
    TIM_CCxChannelCmd                        0x08003a39   Thumb Code    26  stm32f1xx_hal_tim.o(i.TIM_CCxChannelCmd)
    TIM_ETR_SetConfig                        0x08003a53   Thumb Code    20  stm32f1xx_hal_tim.o(i.TIM_ETR_SetConfig)
    TIM_OC2_SetConfig                        0x08003a69   Thumb Code    98  stm32f1xx_hal_tim.o(i.TIM_OC2_SetConfig)
    Tranfcmd                                 0x08003ad5   Thumb Code   104  usart.o(i.Tranfcmd)
    USART1_IRQHandler                        0x08003b45   Thumb Code    94  stm32f1xx_it.o(i.USART1_IRQHandler)
    UsageFault_Handler                       0x08003bb9   Thumb Code     2  stm32f1xx_it.o(i.UsageFault_Handler)
    UsartCommand                             0x08003bbd   Thumb Code    40  usart.o(i.UsartCommand)
    UsartPrint                               0x08003bed   Thumb Code    56  usart.o(i.UsartPrint)
    SetCurrent(unsigned char, float)         0x08003c2d   Thumb Code    14  motion.o(i._Z10SetCurrenthf)
    DampAutoPos()                            0x08003c41   Thumb Code   164  motion.o(i._Z11DampAutoPosv)
    SK6812_Flow()                            0x08003ce9   Thumb Code   126  sk6812.o(i._Z11SK6812_Flowv)
    SK6812_Init()                            0x08003d71   Thumb Code    36  sk6812.o(i._Z11SK6812_Initv)
    SK6812_Wheel(unsigned char, unsigned short) 0x08003d99   Thumb Code   166  sk6812.o(i._Z12SK6812_Wheelht)
    SK6812_Write(unsigned char, unsigned char, unsigned char) 0x08003e45   Thumb Code    94  sk6812.o(i._Z12SK6812_Writehhh)
    TIME_Display()                           0x08003ea5   Thumb Code   862  main.o(i._Z12TIME_Displayv)
    TIME_Mode_In()                           0x08004221   Thumb Code   146  main.o(i._Z12TIME_Mode_Inv)
    MUSIC_Display()                          0x080042ed   Thumb Code   110  main.o(i._Z13MUSIC_Displayv)
    MUSIC_Mode_In()                          0x0800436d   Thumb Code    22  main.o(i._Z13MUSIC_Mode_Inv)
    SK6812_send_H()                          0x0800438d   Thumb Code   188  sk6812.o(i._Z13SK6812_send_Hv)
    SK6812_send_L()                          0x08004451   Thumb Code   192  sk6812.o(i._Z13SK6812_send_Lv)
    STMFLASH_Read(unsigned, unsigned short*, unsigned short) 0x08004519   Thumb Code    26  stmflash.o(i._Z13STMFLASH_ReadjPtt)
    TIME_Mode_Out()                          0x08004535   Thumb Code   128  main.o(i._Z13TIME_Mode_Outv)
    TIME_Mode_Run()                          0x080045e1   Thumb Code   266  main.o(i._Z13TIME_Mode_Runv)
    DampCustormPos(unsigned short, float)    0x08004709   Thumb Code   116  motion.o(i._Z14DampCustormPostf)
    NORMAL_Display()                         0x08004781   Thumb Code   570  main.o(i._Z14NORMAL_Displayv)
    NORMAL_Mode_In()                         0x08004a0d   Thumb Code    62  main.o(i._Z14NORMAL_Mode_Inv)
    OFFLINEUI_Init()                         0x08004a61   Thumb Code    46  main.o(i._Z14OFFLINEUI_Initv)
    SK6812_Refrash()                         0x08004ab1   Thumb Code    66  sk6812.o(i._Z14SK6812_Refrashv)
    STMFLASH_Write(unsigned, unsigned short*, unsigned short) 0x08004af9   Thumb Code   216  stmflash.o(i._Z14STMFLASH_WritejPtt)
    TIMESQ_Mode_In()                         0x08004bd9   Thumb Code   108  main.o(i._Z14TIMESQ_Mode_Inv)
    FLASH_PageErase(unsigned)                0x08004c69   Thumb Code    28  stm32f1xx_hal_flash_ex.o(i._Z15FLASH_PageErasej)
    NORMAL_Mode_Out()                        0x08004c8d   Thumb Code    54  main.o(i._Z15NORMAL_Mode_Outv)
    NORMAL_Mode_Run()                        0x08004cd9   Thumb Code   604  main.o(i._Z15NORMAL_Mode_Runv)
    TIMESQ_Mode_Out()                        0x08004f71   Thumb Code   104  main.o(i._Z15TIMESQ_Mode_Outv)
    SystemClock_Config()                     0x08004ff5   Thumb Code    98  main.o(i._Z18SystemClock_Configv)
    STMFLASH_Write_NoCheck(unsigned, unsigned short*, unsigned short) 0x08005059   Thumb Code    44  stmflash.o(i._Z22STMFLASH_Write_NoCheckjPtt)
    absl(int)                                0x08005085   Thumb Code     8  motion.o(i._Z4absli)
    Mode_In()                                0x0800508d   Thumb Code    38  main.o(i._Z7Mode_Inv)
    Nix2Num(unsigned char)                   0x080050b9   Thumb Code    88  usart.o(i._Z7Nix2Numh)
    Mode_Out()                               0x08005111   Thumb Code    38  main.o(i._Z8Mode_Outv)
    SetTarget(unsigned char, float)          0x0800513d   Thumb Code    12  motion.o(i._Z9SetTargethf)
    OLED_Driver::Calc_Color()                0x0800514d   Thumb Code   174  oled_driver.o(i._ZN11OLED_Driver10Calc_ColorEv)
    OLED_Driver::Draw_Pixel(short, short)    0x08005201   Thumb Code    40  oled_driver.o(i._ZN11OLED_Driver10Draw_PixelEss)
    OLED_Driver::Draw_Pixel(short, short, unsigned short) 0x08005231   Thumb Code    36  oled_driver.o(i._ZN11OLED_Driver10Draw_PixelEsst)
    OLED_Driver::OLED_NF6x8(int, int, unsigned char, unsigned char) 0x08005259   Thumb Code   108  oled_driver.o(i._ZN11OLED_Driver10OLED_NF6x8Eiihh)
    OLED_Driver::Set_Wheelf(unsigned short)  0x080052c9   Thumb Code    70  oled_driver.o(i._ZN11OLED_Driver10Set_WheelfEt)
    OLED_Driver::Write_Data(unsigned char)   0x08005315   Thumb Code    18  oled_driver.o(i._ZN11OLED_Driver10Write_DataEh)
    OLED_Driver::Device_Init()               0x08005331   Thumb Code   442  oled_driver.o(i._ZN11OLED_Driver11Device_InitEv)
    OLED_Driver::Display_bmp(const unsigned char*) 0x080054f5   Thumb Code    48  oled_driver.o(i._ZN11OLED_Driver11Display_bmpEPKh)
    OLED_Driver::Display_bmp(int, int, int, int, const unsigned char*) 0x08005529   Thumb Code   126  oled_driver.o(i._ZN11OLED_Driver11Display_bmpEiiiiPKh)
    OLED_Driver::OLED_F12x24(int, int, unsigned char, unsigned short) 0x080055ad   Thumb Code   110  oled_driver.o(i._ZN11OLED_Driver11OLED_F12x24Eiiht)
    OLED_Driver::OLED_F22x40(int, int, unsigned char) 0x08005621   Thumb Code   112  oled_driver.o(i._ZN11OLED_Driver11OLED_F22x40Eiih)
    OLED_Driver::OLED_SNF6x8(int, int, char*) 0x08005695   Thumb Code   150  oled_driver.o(i._ZN11OLED_Driver11OLED_SNF6x8EiiPc)
    OLED_Driver::RAM_Address()               0x0800572b   Thumb Code    54  oled_driver.o(i._ZN11OLED_Driver11RAM_AddressEv)
    OLED_Driver::RandomColor()               0x08005761   Thumb Code    36  oled_driver.o(i._ZN11OLED_Driver11RandomColorEv)
    OLED_Driver::Clear_Screen()              0x08005785   Thumb Code    36  oled_driver.o(i._ZN11OLED_Driver12Clear_ScreenEv)
    OLED_Driver::Display_bbmp(int, int, int, int, const unsigned char*) 0x080057ad   Thumb Code   124  oled_driver.o(i._ZN11OLED_Driver12Display_bbmpEiiiiPKh)
    OLED_Driver::Display_bbmp(int, int, int, int, const unsigned char*, unsigned short) 0x08005829   Thumb Code   126  oled_driver.o(i._ZN11OLED_Driver12Display_bbmpEiiiiPKht)
    OLED_Driver::OLED_SF12x24(int, int, char*, unsigned short) 0x080058a7   Thumb Code    54  oled_driver.o(i._ZN11OLED_Driver12OLED_SF12x24EiiPct)
    OLED_Driver::OLED_SF22x40(int, int, char*) 0x080058dd   Thumb Code    58  oled_driver.o(i._ZN11OLED_Driver12OLED_SF22x40EiiPc)
    OLED_Driver::Write_Command(unsigned char) 0x08005919   Thumb Code    28  oled_driver.o(i._ZN11OLED_Driver13Write_CommandEh)
    OLED_Driver::Draw_FastHLine(short, short, short) 0x0800593d   Thumb Code    30  oled_driver.o(i._ZN11OLED_Driver14Draw_FastHLineEsss)
    OLED_Driver::Draw_FastHLine(short, short, short, unsigned short) 0x0800595b   Thumb Code    38  oled_driver.o(i._ZN11OLED_Driver14Draw_FastHLineEssst)
    OLED_Driver::Draw_FastVLine(short, short, short) 0x08005981   Thumb Code    30  oled_driver.o(i._ZN11OLED_Driver14Draw_FastVLineEsss)
    OLED_Driver::Draw_FastVLine(short, short, short, unsigned short) 0x0800599f   Thumb Code    38  oled_driver.o(i._ZN11OLED_Driver14Draw_FastVLineEssst)
    OLED_Driver::Refrash_Screen()            0x080059c5   Thumb Code    66  oled_driver.o(i._ZN11OLED_Driver14Refrash_ScreenEv)
    OLED_Driver::Display_FadeinAll(const unsigned char*) 0x08005a0d   Thumb Code   212  oled_driver.o(i._ZN11OLED_Driver17Display_FadeinAllEPKh)
    OLED_Driver::Display_FadeoutAll()        0x08005ae5   Thumb Code   134  oled_driver.o(i._ZN11OLED_Driver18Display_FadeoutAllEv)
    OLED_Driver::WheelP(unsigned short)      0x08005b71   Thumb Code    58  oled_driver.o(i._ZN11OLED_Driver6WheelPEt)
    OLED_Driver::WheelPw(unsigned short)     0x08005bab   Thumb Code    58  oled_driver.o(i._ZN11OLED_Driver7WheelPwEt)
    OLED_Driver::Set_Wheel(unsigned short)   0x08005be5   Thumb Code    70  oled_driver.o(i._ZN11OLED_Driver9Set_WheelEt)
    OLED_Driver::OLED_Driver()               0x08005c31   Thumb Code     2  oled_driver.o(i._ZN11OLED_DriverC1Ev)
    OLED_Driver::OLED_Driver__sub_object()   0x08005c31   Thumb Code     0  oled_driver.o(i._ZN11OLED_DriverC1Ev)
    OLED_Animation::Motion_Mind()            0x08005c35   Thumb Code   370  oled_animation.o(i._ZN14OLED_Animation11Motion_MindEv)
    OLED_Animation::OLED_Planet(unsigned char) 0x08005dc9   Thumb Code    58  oled_animation.o(i._ZN14OLED_Animation11OLED_PlanetEh)
    OLED_Animation::OLED_MovMind(unsigned char) 0x08005e0d   Thumb Code   100  oled_animation.o(i._ZN14OLED_Animation12OLED_MovMindEh)
    OLED_Animation::Motion_Circle()          0x08005e81   Thumb Code   130  oled_animation.o(i._ZN14OLED_Animation13Motion_CircleEv)
    OLED_Animation::Motion_Planet()          0x08005f11   Thumb Code   492  oled_animation.o(i._ZN14OLED_Animation13Motion_PlanetEv)
    OLED_Animation::OLED_Triangle(unsigned char) 0x0800611d   Thumb Code   120  oled_animation.o(i._ZN14OLED_Animation13OLED_TriangleEh)
    OLED_Animation::OLED_AllMotion(unsigned char, unsigned short) 0x0800619d   Thumb Code   248  oled_animation.o(i._ZN14OLED_Animation14OLED_AllMotionEht)
    OLED_Animation::OLED_FucCircle(unsigned char) 0x08006299   Thumb Code   148  oled_animation.o(i._ZN14OLED_Animation14OLED_FucCircleEh)
    OLED_Animation::OLED_Movmeteor(unsigned char) 0x08006341   Thumb Code    52  oled_animation.o(i._ZN14OLED_Animation14OLED_MovmeteorEh)
    OLED_Animation::Motion_MindInit()        0x0800637d   Thumb Code   186  oled_animation.o(i._ZN14OLED_Animation15Motion_MindInitEv)
    OLED_Animation::Motion_Triangle()        0x0800644d   Thumb Code  1110  oled_animation.o(i._ZN14OLED_Animation15Motion_TriangleEv)
    OLED_Animation::Motion_Movmeteor()       0x080068ad   Thumb Code   522  oled_animation.o(i._ZN14OLED_Animation16Motion_MovmeteorEv)
    OLED_Animation::Motion_Snowflake()       0x08006ad1   Thumb Code   382  oled_animation.o(i._ZN14OLED_Animation16Motion_SnowflakeEv)
    OLED_Animation::Motion_CircleInit()      0x08006c5d   Thumb Code   118  oled_animation.o(i._ZN14OLED_Animation17Motion_CircleInitEv)
    OLED_Animation::Motion_PlanetInit()      0x08006ce1   Thumb Code   150  oled_animation.o(i._ZN14OLED_Animation17Motion_PlanetInitEv)
    OLED_Animation::OLED_MovSnowflake(unsigned char) 0x08006d89   Thumb Code    62  oled_animation.o(i._ZN14OLED_Animation17OLED_MovSnowflakeEh)
    OLED_Animation::OLED_CustormMotion(unsigned char) 0x08006dd1   Thumb Code    40  oled_animation.o(i._ZN14OLED_Animation18OLED_CustormMotionEh)
    OLED_Animation::Motion_TriangleInit()    0x08006df9   Thumb Code   314  oled_animation.o(i._ZN14OLED_Animation19Motion_TriangleInitEv)
    OLED_Animation::OLED_AllMotion_Init()    0x08006f51   Thumb Code    42  oled_animation.o(i._ZN14OLED_Animation19OLED_AllMotion_InitEv)
    OLED_Animation::Motion_MovmeteorInit()   0x08006f7d   Thumb Code   144  oled_animation.o(i._ZN14OLED_Animation20Motion_MovmeteorInitEv)
    OLED_Animation::Motion_SnowflakeInit()   0x08007019   Thumb Code   106  oled_animation.o(i._ZN14OLED_Animation20Motion_SnowflakeInitEv)
    OLED_Animation::OLED_Animation()         0x08007091   Thumb Code     2  oled_animation.o(i._ZN14OLED_AnimationC1Ev)
    OLED_Animation::OLED_Animation__sub_object() 0x08007091   Thumb Code     0  oled_animation.o(i._ZN14OLED_AnimationC1Ev)
    OLED_FFT::Display_Style1()               0x080075a5   Thumb Code   210  oled_fft.o(i._ZN8OLED_FFT14Display_Style1Ev)
    OLED_FFT::Display_Style2()               0x0800768d   Thumb Code   354  oled_fft.o(i._ZN8OLED_FFT14Display_Style2Ev)
    OLED_FFT::Display_Style3()               0x0800780d   Thumb Code   396  oled_fft.o(i._ZN8OLED_FFT14Display_Style3Ev)
    OLED_FFT::Display_Style4()               0x080079ad   Thumb Code   232  oled_fft.o(i._ZN8OLED_FFT14Display_Style4Ev)
    OLED_FFT::Display_Style5()               0x08007ab5   Thumb Code   216  oled_fft.o(i._ZN8OLED_FFT14Display_Style5Ev)
    OLED_FFT::Display_Style6()               0x08007bad   Thumb Code  2388  oled_fft.o(i._ZN8OLED_FFT14Display_Style6Ev)
    OLED_FFT::OLED_FFT()                     0x08008509   Thumb Code     2  oled_fft.o(i._ZN8OLED_FFTC1Ev)
    OLED_FFT::OLED_FFT__sub_object()         0x08008509   Thumb Code     0  oled_fft.o(i._ZN8OLED_FFTC1Ev)
    OLED_GFX::Draw_LineS(short*, unsigned char) 0x0800850b   Thumb Code    86  oled_gfx.o(i._ZN8OLED_GFX10Draw_LineSEPsh)
    OLED_GFX::Write_Line(short, short, short, short) 0x08008561   Thumb Code   174  oled_gfx.o(i._ZN8OLED_GFX10Write_LineEssss)
    OLED_GFX::Write_Line(short, short, short, short, unsigned short) 0x0800860f   Thumb Code   176  oled_gfx.o(i._ZN8OLED_GFX10Write_LineEsssst)
    OLED_GFX::Draw_Circle(short, short, short) 0x080086bf   Thumb Code   330  oled_gfx.o(i._ZN8OLED_GFX11Draw_CircleEsss)
    OLED_GFX::Draw_Circle(short, short, short, unsigned short) 0x08008809   Thumb Code   354  oled_gfx.o(i._ZN8OLED_GFX11Draw_CircleEssst)
    OLED_GFX::Fill_Circle(short, short, short, unsigned short) 0x0800896b   Thumb Code    62  oled_gfx.o(i._ZN8OLED_GFX11Fill_CircleEssst)
    OLED_GFX::Draw_Triangle(short, short, short, short, short, short, unsigned short) 0x080089a9   Thumb Code    64  oled_gfx.o(i._ZN8OLED_GFX13Draw_TriangleEsssssst)
    OLED_GFX::FillCircle_Helper(short, short, short, unsigned char, short, unsigned short) 0x080089e9   Thumb Code   234  oled_gfx.o(i._ZN8OLED_GFX17FillCircle_HelperEssshst)
    OLED_GFX::Draw_Line(short, short, short, short) 0x08008ad3   Thumb Code    84  oled_gfx.o(i._ZN8OLED_GFX9Draw_LineEssss)
    OLED_GFX::Draw_Line(short, short, short, short, unsigned char, unsigned short) 0x08008b29   Thumb Code   512  oled_gfx.o(i._ZN8OLED_GFX9Draw_LineEssssht)
    OLED_GFX::Draw_Line(short, short, short, short, unsigned short) 0x08008d29   Thumb Code    84  oled_gfx.o(i._ZN8OLED_GFX9Draw_LineEsssst)
    OLED_GFX::Draw_Rect(short, short, short, short) 0x08008d7d   Thumb Code    90  oled_gfx.o(i._ZN8OLED_GFX9Draw_RectEssss)
    OLED_GFX::Fill_Rect(unsigned short, unsigned short, unsigned short, unsigned short, unsigned short) 0x08008dd9   Thumb Code   106  oled_gfx.o(i._ZN8OLED_GFX9Fill_RectEttttt)
    OLED_GFX::OLED_GFX()                     0x08008e45   Thumb Code    22  oled_gfx.o(i._ZN8OLED_GFXC1Ev)
    OLED_GFX::OLED_GFX__sub_object()         0x08008e61   Thumb Code    32  oled_gfx.o(i._ZN8OLED_GFXC2Ev)
    std::cos(float)                          0x08008e89   Thumb Code     4  oled_animation.o(i._ZSt3cosf)
    std::sin(float)                          0x08008e8d   Thumb Code     4  oled_animation.o(i._ZSt3sinf)
    __0printf                                0x08008e91   Thumb Code    22  printfa.o(i.__0printf)
    __1printf                                0x08008e91   Thumb Code     0  printfa.o(i.__0printf)
    __2printf                                0x08008e91   Thumb Code     0  printfa.o(i.__0printf)
    __c89printf                              0x08008e91   Thumb Code     0  printfa.o(i.__0printf)
    printf                                   0x08008e91   Thumb Code     0  printfa.o(i.__0printf)
    __0sprintf                               0x08008eb1   Thumb Code    34  printfa.o(i.__0sprintf)
    __1sprintf                               0x08008eb1   Thumb Code     0  printfa.o(i.__0sprintf)
    __2sprintf                               0x08008eb1   Thumb Code     0  printfa.o(i.__0sprintf)
    __c89sprintf                             0x08008eb1   Thumb Code     0  printfa.o(i.__0sprintf)
    sprintf                                  0x08008eb1   Thumb Code     0  printfa.o(i.__0sprintf)
    __ARM_fpclassifyf                        0x08008ed9   Thumb Code    38  fpclassifyf.o(i.__ARM_fpclassifyf)
    __mathlib_flt_infnan                     0x08008eff   Thumb Code     6  funder.o(i.__mathlib_flt_infnan)
    __mathlib_flt_invalid                    0x08008f05   Thumb Code     8  funder.o(i.__mathlib_flt_invalid)
    __mathlib_flt_underflow                  0x08008f0d   Thumb Code    10  funder.o(i.__mathlib_flt_underflow)
    __mathlib_rredf2                         0x08008f19   Thumb Code   344  rredf.o(i.__mathlib_rredf2)
    __scatterload_copy                       0x08009081   Thumb Code    14  handlers.o(i.__scatterload_copy)
    __scatterload_null                       0x0800908f   Thumb Code     2  handlers.o(i.__scatterload_null)
    __scatterload_zeroinit                   0x08009091   Thumb Code    14  handlers.o(i.__scatterload_zeroinit)
    __set_errno                              0x080090a1   Thumb Code     6  errno.o(i.__set_errno)
    abs2                                     0x08009989   Thumb Code     8  oled_fft.o(i.abs2)
    cont_str                                 0x08009991   Thumb Code    14  usart.o(i.cont_str)
    cosf                                     0x080099a1   Thumb Code   328  cosf.o(i.cosf)
    fputc                                    0x08009b1d   Thumb Code    20  usart.o(i.fputc)
    main                                     0x08009b35   Thumb Code   326  main.o(i.main)
    sinf                                     0x08009cc1   Thumb Code   338  sinf.o(i.sinf)
    AHBPrescTable                            0x080473ef   Data          16  system_stm32f1xx.o(.constdata)
    APBPrescTable                            0x080473ff   Data           8  system_stm32f1xx.o(.constdata)
    VTT for OLED_GFX                         0x08047428   Data           4  oled_gfx.o(.constdata__ZTV8OLED_GFX)
    vtable for OLED_GFX                      0x0804742c   Data          12  oled_gfx.o(.constdata__ZTV8OLED_GFX)
    Region$$Table$$Base                      0x08047454   Number         0  anon$$obj.o(Region$$Table)
    Region$$Table$$Limit                     0x08047474   Number         0  anon$$obj.o(Region$$Table)
    SHT$$INIT_ARRAY$$Base                    0x08047474   Number         0  main.o(.init_array)
    SHT$$INIT_ARRAY$$Limit                   0x08047478   Number         0  cpp_init.o(.init_array)
    color_byte                               0x20000000   Data           2  oled_driver.o(.data)
    color_Damp_byte                          0x20000002   Data           2  oled_driver.o(.data)
    wheel                                    0x20000004   Data           2  oled_driver.o(.data)
    color_now                                0x20000006   Data           2  oled_driver.o(.data)
    color_half                               0x20000008   Data           2  oled_driver.o(.data)
    color_min                                0x2000000a   Data           2  oled_driver.o(.data)
    Row                                      0x2000000c   Data           1  oled_gfx.o(.data)
    Column                                   0x2000000d   Data           1  oled_gfx.o(.data)
    Font_Size                                0x2000000e   Data           1  oled_gfx.o(.data)
    MindNum                                  0x20000010   Data           1  oled_animation.o(.data)
    CircleNum                                0x20000011   Data           1  oled_animation.o(.data)
    SnowflakeNum                             0x20000012   Data           1  oled_animation.o(.data)
    MeteoNum                                 0x20000013   Data           1  oled_animation.o(.data)
    PlanetNum                                0x20000014   Data           1  oled_animation.o(.data)
    TriangleNum                              0x20000015   Data           1  oled_animation.o(.data)
    movmeteorstep                            0x2000001c   Data           4  oled_animation.o(.data)
    Flag_Refrash                             0x2000003c   Data           1  main.o(.data)
    Flag_Sleep                               0x2000003d   Data           1  main.o(.data)
    OfflineCount                             0x2000003e   Data           1  main.o(.data)
    SystemActive                             0x2000003f   Data           1  main.o(.data)
    DataDisType                              0x20000040   Data           1  main.o(.data)
    UnitDisType                              0x20000041   Data           1  main.o(.data)
    HWDisType                                0x20000042   Data           1  main.o(.data)
    Show_Float                               0x20000043   Data           1  main.o(.data)
    fft                                      0x20000045   Data           1  main.o(.data)
    motion                                   0x20000046   Data           1  main.o(.data)
    Display_Mode                             0x20000048   Data           2  main.o(.data)
    Current_Mode                             0x2000004a   Data           2  main.o(.data)
    Sleep_Mode                               0x2000005a   Data           2  main.o(.data)
    DataDisf                                 0x2000005c   Data           3  main.o(.data)
    FPS                                      0x20000060   Data           4  main.o(.data)
    oled                                     0x20000068   Data           4  main.o(.data)
    Uart_Overflow1_Flag                      0x2000006c   Data           1  usart.o(.data)
    SaveFlag                                 0x2000006d   Data           1  usart.o(.data)
    Uart_Overflow3_Flag                      0x2000006e   Data           1  usart.o(.data)
    Uart_Recv3_Data                          0x20000072   Data           1  usart.o(.data)
    UartClear                                0x20000073   Data           4  usart.o(.data)
    Uartdata                                 0x20000077   Data           7  usart.o(.data)
    Clock_Msg                                0x2000007e   Data           8  usart.o(.data)
    Week                                     0x20000088   Data          28  usart.o(.data)
    Device_Name                              0x200000a4   Data          20  usart.o(.data)
    ReponseID                                0x200000b8   Data          40  usart.o(.data)
    UartPrint                                0x200000e0   Data         255  usart.o(.data)
    Uart_Recv1_Length                        0x200001e0   Data           2  usart.o(.data)
    RunStep                                  0x200001e4   Data           4  sk6812.o(.data)
    SystemCoreClock                          0x200001e8   Data           4  system_stm32f1xx.o(.data)
    uwTickFreq                               0x200001ec   Data           1  stm32f1xx_hal.o(.data)
    uwTickPrio                               0x200001f0   Data           4  stm32f1xx_hal.o(.data)
    uwTick                                   0x200001f4   Data           4  stm32f1xx_hal.o(.data)
    __stdout                                 0x200001fc   Data           4  stdout.o(.data)
    OLED_GRAM                                0x20000204   Data       32768  oled_driver.o(.bss)
    FlowColorRAM                             0x20008204   Data         256  oled_driver.o(.bss)
    mtmovmind                                0x20008304   Data         336  oled_animation.o(.bss)
    mtcircle                                 0x20008454   Data         160  oled_animation.o(.bss)
    mtsnowflake                              0x200084f4   Data         320  oled_animation.o(.bss)
    mtmovmeteor                              0x20008634   Data         560  oled_animation.o(.bss)
    mtplanet                                 0x20008864   Data         140  oled_animation.o(.bss)
    mttriangle                               0x200088f0   Data         320  oled_animation.o(.bss)
    fall_pot                                 0x20008a30   Data         250  oled_fft.o(.bss)
    flow_pot                                 0x20008b2a   Data         250  oled_fft.o(.bss)
    SampPoint                                0x20008c88   Data        3072  oled_fft.o(.bss)
    pit                                      0x20009888   Data         576  motion.o(.bss)
    STMFLASH_BUF                             0x20009ac8   Data        2048  stmflash.o(.bss)
    DataDis                                  0x2000a2c8   Data          20  main.o(.bss)
    hadc1                                    0x2000a2dc   Data          48  adc.o(.bss)
    htim3                                    0x2000a30c   Data          64  tim.o(.bss)
    htim6                                    0x2000a34c   Data          64  tim.o(.bss)
    htim7                                    0x2000a38c   Data          64  tim.o(.bss)
    htim8                                    0x2000a3cc   Data          64  tim.o(.bss)
    Uart_Recv1_Buf                           0x2000a40c   Data         250  usart.o(.bss)
    huart1                                   0x2000a508   Data          64  usart.o(.bss)
    huart3                                   0x2000a548   Data          64  usart.o(.bss)
    hdma_usart1_rx                           0x2000a588   Data          68  usart.o(.bss)
    hdma_usart1_tx                           0x2000a5cc   Data          68  usart.o(.bss)
    hdma_usart3_rx                           0x2000a610   Data          68  usart.o(.bss)
    Device_Cmd                               0x2000a654   Data          22  usart.o(.bss)
    Device_Msg                               0x2000a66a   Data         362  usart.o(.bss)
    Device_Str                               0x2000a7d4   Data         240  usart.o(.bss)
    Flash_SaveCMD                            0x2000a8c4   Data          32  usart.o(.bss)
    RGBTAG                                   0x2000a8e4   Data          96  sk6812.o(.bss)
    RGBRAM                                   0x2000a944   Data          96  sk6812.o(.bss)
    pFlash                                   0x2000a9a8   Data          32  stm32f1xx_hal_flash.o(.bss)
    __initial_sp                             0x2000adc8   Data           0  startup_stm32f103xe.o(STACK)



==============================================================================

Memory Map of the image

  Image Entry point : 0x08000131

  Load Region LR_IROM1 (Base: 0x08000000, Size: 0x0004767c, Max: 0x00080000, ABSOLUTE, COMPRESSED[0x000474d0])

    Execution Region ER_IROM1 (Exec base: 0x08000000, Load base: 0x08000000, Size: 0x00047478, Max: 0x00080000, ABSOLUTE)

    Exec Addr    Load Addr    Size         Type   Attr      Idx    E Section Name        Object

    0x08000000   0x08000000   0x00000130   Data   RO            3    RESET               startup_stm32f103xe.o
    0x08000130   0x08000130   0x00000000   Code   RO         5225  * .ARM.Collect$$$$00000000  mc_w.l(entry.o)
    0x08000130   0x08000130   0x00000004   Code   RO         5567    .ARM.Collect$$$$00000001  mc_w.l(entry2.o)
    0x08000134   0x08000134   0x00000004   Code   RO         5570    .ARM.Collect$$$$00000004  mc_w.l(entry5.o)
    0x08000138   0x08000138   0x00000000   Code   RO         5572    .ARM.Collect$$$$00000008  mc_w.l(entry7b.o)
    0x08000138   0x08000138   0x00000004   Code   RO         5573    .ARM.Collect$$$$00000009  mc_w.l(entry8a.o)
    0x0800013c   0x0800013c   0x00000000   Code   RO         5574    .ARM.Collect$$$$0000000A  mc_w.l(entry8b.o)
    0x0800013c   0x0800013c   0x00000008   Code   RO         5575    .ARM.Collect$$$$0000000B  mc_w.l(entry9a.o)
    0x08000144   0x08000144   0x00000000   Code   RO         5577    .ARM.Collect$$$$0000000D  mc_w.l(entry10a.o)
    0x08000144   0x08000144   0x00000000   Code   RO         5579    .ARM.Collect$$$$0000000F  mc_w.l(entry11a.o)
    0x08000144   0x08000144   0x00000004   Code   RO         5568    .ARM.Collect$$$$00002712  mc_w.l(entry2.o)
    0x08000148   0x08000148   0x00000024   Code   RO            4    .text               startup_stm32f103xe.o
    0x0800016c   0x0800016c   0x00000020   Code   RO         5228    .text               mc_w.l(llushr.o)
    0x0800018c   0x0800018c   0x00000024   Code   RO         5230    .text               mc_w.l(rand.o)
    0x080001b0   0x080001b0   0x00000024   Code   RO         5233    .text               mc_w.l(memseta.o)
    0x080001d4   0x080001d4   0x00000020   Code   RO         5499    .text               mc_w.l(cpp_init.o)
    0x080001f4   0x080001f4   0x000000b0   Code   RO         5501    .text               mf_w.l(fadd.o)
    0x080002a4   0x080002a4   0x00000064   Code   RO         5503    .text               mf_w.l(fmul.o)
    0x08000308   0x08000308   0x0000007c   Code   RO         5505    .text               mf_w.l(fdiv.o)
    0x08000384   0x08000384   0x00000018   Code   RO         5507    .text               mf_w.l(fscalb.o)
    0x0800039c   0x0800039c   0x0000014e   Code   RO         5509    .text               mf_w.l(dadd.o)
    0x080004ea   0x080004ea   0x000000e4   Code   RO         5511    .text               mf_w.l(dmul.o)
    0x080005ce   0x080005ce   0x000000de   Code   RO         5513    .text               mf_w.l(ddiv.o)
    0x080006ac   0x080006ac   0x00000012   Code   RO         5515    .text               mf_w.l(fflti.o)
    0x080006be   0x080006be   0x0000000a   Code   RO         5517    .text               mf_w.l(ffltui.o)
    0x080006c8   0x080006c8   0x0000001a   Code   RO         5519    .text               mf_w.l(dfltui.o)
    0x080006e2   0x080006e2   0x00000032   Code   RO         5521    .text               mf_w.l(ffixi.o)
    0x08000714   0x08000714   0x00000028   Code   RO         5523    .text               mf_w.l(ffixui.o)
    0x0800073c   0x0800073c   0x00000026   Code   RO         5527    .text               mf_w.l(f2d.o)
    0x08000762   0x08000762   0x00000038   Code   RO         5529    .text               mf_w.l(d2f.o)
    0x0800079a   0x0800079a   0x00000002   PAD
    0x0800079c   0x0800079c   0x00000014   Code   RO         5531    .text               mf_w.l(cfcmple.o)
    0x080007b0   0x080007b0   0x00000014   Code   RO         5533    .text               mf_w.l(cfrcmple.o)
    0x080007c4   0x080007c4   0x0000002c   Code   RO         5582    .text               mc_w.l(uidiv.o)
    0x080007f0   0x080007f0   0x00000062   Code   RO         5584    .text               mc_w.l(uldiv.o)
    0x08000852   0x08000852   0x0000001e   Code   RO         5586    .text               mc_w.l(llshl.o)
    0x08000870   0x08000870   0x00000024   Code   RO         5588    .text               mc_w.l(llsshr.o)
    0x08000894   0x08000894   0x00000000   Code   RO         5597    .text               mc_w.l(iusefp.o)
    0x08000894   0x08000894   0x0000006e   Code   RO         5598    .text               mf_w.l(fepilogue.o)
    0x08000902   0x08000902   0x0000003c   Code   RO         5600    .text               mf_w.l(frnd.o)
    0x0800093e   0x0800093e   0x000000ba   Code   RO         5602    .text               mf_w.l(depilogue.o)
    0x080009f8   0x080009f8   0x00000030   Code   RO         5604    .text               mf_w.l(dfixul.o)
    0x08000a28   0x08000a28   0x00000030   Code   RO         5606    .text               mf_w.l(cdrcmple.o)
    0x08000a58   0x08000a58   0x00000024   Code   RO         5621    .text               mc_w.l(init.o)
    0x08000a7c   0x08000a7c   0x00000056   Code   RO         5673    .text               mc_w.l(__dczerorl2.o)
    0x08000ad2   0x08000ad2   0x00000002   PAD
    0x08000ad4   0x08000ad4   0x0000004c   Code   RO         2224    i.ADC_ConversionStop_Disable  stm32f1xx_hal_adc.o
    0x08000b20   0x08000b20   0x000001d4   Code   RO         1635    i.AnalysisCommand   usart.o
    0x08000cf4   0x08000cf4   0x00000260   Code   RO         1636    i.AnalysisComputermsg  usart.o
    0x08000f54   0x08000f54   0x00000084   Code   RO         1638    i.AnalysisFFT       usart.o
    0x08000fd8   0x08000fd8   0x00000048   Code   RO         1639    i.AnalysisMiStaus   usart.o
    0x08001020   0x08001020   0x00000002   Code   RO         1827    i.BusFault_Handler  stm32f1xx_it.o
    0x08001022   0x08001022   0x00000002   PAD
    0x08001024   0x08001024   0x00000020   Code   RO         1640    i.ClearFFT          usart.o
    0x08001044   0x08001044   0x00000250   Code   RO         1641    i.ConvertData       usart.o
    0x08001294   0x08001294   0x0000000c   Code   RO         1828    i.DMA1_Channel3_IRQHandler  stm32f1xx_it.o
    0x080012a0   0x080012a0   0x0000000c   Code   RO         1829    i.DMA1_Channel4_IRQHandler  stm32f1xx_it.o
    0x080012ac   0x080012ac   0x0000000c   Code   RO         1830    i.DMA1_Channel5_IRQHandler  stm32f1xx_it.o
    0x080012b8   0x080012b8   0x00000002   Code   RO         1831    i.DebugMon_Handler  stm32f1xx_it.o
    0x080012ba   0x080012ba   0x00000002   Code   RO         1154    i.Error_Handler     main.o
    0x080012bc   0x080012bc   0x00000054   Code   RO         3352    i.FLASH_WaitForLastOperation  stm32f1xx_hal_flash.o
    0x08001310   0x08001310   0x000000fc   Code   RO         2230    i.HAL_ADC_ConfigChannel  stm32f1xx_hal_adc.o
    0x0800140c   0x0800140c   0x00000120   Code   RO         2239    i.HAL_ADC_Init      stm32f1xx_hal_adc.o
    0x0800152c   0x0800152c   0x00000058   Code   RO         1468    i.HAL_ADC_MspInit   adc.o
    0x08001584   0x08001584   0x00000046   Code   RO         2968    i.HAL_DMA_Abort     stm32f1xx_hal_dma.o
    0x080015ca   0x080015ca   0x00000002   PAD
    0x080015cc   0x080015cc   0x00000130   Code   RO         2969    i.HAL_DMA_Abort_IT  stm32f1xx_hal_dma.o
    0x080016fc   0x080016fc   0x00000248   Code   RO         2973    i.HAL_DMA_IRQHandler  stm32f1xx_hal_dma.o
    0x08001944   0x08001944   0x0000007c   Code   RO         2974    i.HAL_DMA_Init      stm32f1xx_hal_dma.o
    0x080019c0   0x080019c0   0x00000070   Code   RO         2977    i.HAL_DMA_Start_IT  stm32f1xx_hal_dma.o
    0x08001a30   0x08001a30   0x00000024   Code   RO         2547    i.HAL_Delay         stm32f1xx_hal.o
    0x08001a54   0x08001a54   0x00000014   Code   RO         3356    i.HAL_FLASH_Lock    stm32f1xx_hal_flash.o
    0x08001a68   0x08001a68   0x00000080   Code   RO         3361    i.HAL_FLASH_Program  stm32f1xx_hal_flash.o
    0x08001ae8   0x08001ae8   0x00000028   Code   RO         3363    i.HAL_FLASH_Unlock  stm32f1xx_hal_flash.o
    0x08001b10   0x08001b10   0x000001f8   Code   RO         2897    i.HAL_GPIO_Init     stm32f1xx_hal_gpio.o
    0x08001d08   0x08001d08   0x0000000a   Code   RO         2901    i.HAL_GPIO_WritePin  stm32f1xx_hal_gpio.o
    0x08001d12   0x08001d12   0x00000002   PAD
    0x08001d14   0x08001d14   0x0000000c   Code   RO         2551    i.HAL_GetTick       stm32f1xx_hal.o
    0x08001d20   0x08001d20   0x00000010   Code   RO         2557    i.HAL_IncTick       stm32f1xx_hal.o
    0x08001d30   0x08001d30   0x00000024   Code   RO         2558    i.HAL_Init          stm32f1xx_hal.o
    0x08001d54   0x08001d54   0x00000040   Code   RO         2559    i.HAL_InitTick      stm32f1xx_hal.o
    0x08001d94   0x08001d94   0x0000003c   Code   RO         1965    i.HAL_MspInit       stm32f1xx_hal_msp.o
    0x08001dd0   0x08001dd0   0x0000001a   Code   RO         3078    i.HAL_NVIC_EnableIRQ  stm32f1xx_hal_cortex.o
    0x08001dea   0x08001dea   0x00000002   PAD
    0x08001dec   0x08001dec   0x00000040   Code   RO         3084    i.HAL_NVIC_SetPriority  stm32f1xx_hal_cortex.o
    0x08001e2c   0x08001e2c   0x00000024   Code   RO         3085    i.HAL_NVIC_SetPriorityGrouping  stm32f1xx_hal_cortex.o
    0x08001e50   0x08001e50   0x000000ec   Code   RO         2857    i.HAL_RCCEx_PeriphCLKConfig  stm32f1xx_hal_rcc_ex.o
    0x08001f3c   0x08001f3c   0x0000012c   Code   RO         2740    i.HAL_RCC_ClockConfig  stm32f1xx_hal_rcc.o
    0x08002068   0x08002068   0x00000020   Code   RO         2747    i.HAL_RCC_GetPCLK1Freq  stm32f1xx_hal_rcc.o
    0x08002088   0x08002088   0x00000020   Code   RO         2748    i.HAL_RCC_GetPCLK2Freq  stm32f1xx_hal_rcc.o
    0x080020a8   0x080020a8   0x0000006c   Code   RO         2749    i.HAL_RCC_GetSysClockFreq  stm32f1xx_hal_rcc.o
    0x08002114   0x08002114   0x00000320   Code   RO         2752    i.HAL_RCC_OscConfig  stm32f1xx_hal_rcc.o
    0x08002434   0x08002434   0x00000028   Code   RO         3089    i.HAL_SYSTICK_Config  stm32f1xx_hal_cortex.o
    0x0800245c   0x0800245c   0x00000002   Code   RO         4436    i.HAL_TIMEx_BreakCallback  stm32f1xx_hal_tim_ex.o
    0x0800245e   0x0800245e   0x00000002   Code   RO         4437    i.HAL_TIMEx_CommutCallback  stm32f1xx_hal_tim_ex.o
    0x08002460   0x08002460   0x00000042   Code   RO         4454    i.HAL_TIMEx_MasterConfigSynchronization  stm32f1xx_hal_tim_ex.o
    0x080024a2   0x080024a2   0x00000036   Code   RO         3649    i.HAL_TIM_Base_Init  stm32f1xx_hal_tim.o
    0x080024d8   0x080024d8   0x000000a4   Code   RO         1563    i.HAL_TIM_Base_MspInit  tim.o
    0x0800257c   0x0800257c   0x00000022   Code   RO         3654    i.HAL_TIM_Base_Start_IT  stm32f1xx_hal_tim.o
    0x0800259e   0x0800259e   0x0000002a   Code   RO         3657    i.HAL_TIM_Base_Stop_IT  stm32f1xx_hal_tim.o
    0x080025c8   0x080025c8   0x000000d6   Code   RO         3658    i.HAL_TIM_ConfigClockSource  stm32f1xx_hal_tim.o
    0x0800269e   0x0800269e   0x00000002   Code   RO         3678    i.HAL_TIM_IC_CaptureCallback  stm32f1xx_hal_tim.o
    0x080026a0   0x080026a0   0x00000166   Code   RO         3692    i.HAL_TIM_IRQHandler  stm32f1xx_hal_tim.o
    0x08002806   0x08002806   0x00000002   PAD
    0x08002808   0x08002808   0x00000064   Code   RO         1564    i.HAL_TIM_MspPostInit  tim.o
    0x0800286c   0x0800286c   0x00000002   Code   RO         3695    i.HAL_TIM_OC_DelayElapsedCallback  stm32f1xx_hal_tim.o
    0x0800286e   0x0800286e   0x000000d0   Code   RO         3716    i.HAL_TIM_PWM_ConfigChannel  stm32f1xx_hal_tim.o
    0x0800293e   0x0800293e   0x00000036   Code   RO         3719    i.HAL_TIM_PWM_Init  stm32f1xx_hal_tim.o
    0x08002974   0x08002974   0x00000002   Code   RO         3721    i.HAL_TIM_PWM_MspInit  stm32f1xx_hal_tim.o
    0x08002976   0x08002976   0x00000002   Code   RO         3722    i.HAL_TIM_PWM_PulseFinishedCallback  stm32f1xx_hal_tim.o
    0x08002978   0x08002978   0x00000044   Code   RO         3724    i.HAL_TIM_PWM_Start  stm32f1xx_hal_tim.o
    0x080029bc   0x080029bc   0x00000184   Code   RO         1155    i.HAL_TIM_PeriodElapsedCallback  main.o
    0x08002b40   0x08002b40   0x00000002   Code   RO         3735    i.HAL_TIM_TriggerCallback  stm32f1xx_hal_tim.o
    0x08002b42   0x08002b42   0x00000058   Code   RO         4745    i.HAL_UART_DMAStop  stm32f1xx_hal_uart.o
    0x08002b9a   0x08002b9a   0x00000002   Code   RO         4747    i.HAL_UART_ErrorCallback  stm32f1xx_hal_uart.o
    0x08002b9c   0x08002b9c   0x00000110   Code   RO         4750    i.HAL_UART_IRQHandler  stm32f1xx_hal_uart.o
    0x08002cac   0x08002cac   0x00000062   Code   RO         4751    i.HAL_UART_Init     stm32f1xx_hal_uart.o
    0x08002d0e   0x08002d0e   0x00000002   PAD
    0x08002d10   0x08002d10   0x0000015c   Code   RO         1643    i.HAL_UART_MspInit  usart.o
    0x08002e6c   0x08002e6c   0x00000098   Code   RO         4755    i.HAL_UART_Receive_DMA  stm32f1xx_hal_uart.o
    0x08002f04   0x08002f04   0x00000052   Code   RO         4756    i.HAL_UART_Receive_IT  stm32f1xx_hal_uart.o
    0x08002f56   0x08002f56   0x00000002   PAD
    0x08002f58   0x08002f58   0x000000c0   Code   RO         1644    i.HAL_UART_RxCpltCallback  usart.o
    0x08003018   0x08003018   0x00000002   Code   RO         4758    i.HAL_UART_RxHalfCpltCallback  stm32f1xx_hal_uart.o
    0x0800301a   0x0800301a   0x000000ba   Code   RO         4759    i.HAL_UART_Transmit  stm32f1xx_hal_uart.o
    0x080030d4   0x080030d4   0x0000003e   Code   RO         4761    i.HAL_UART_Transmit_IT  stm32f1xx_hal_uart.o
    0x08003112   0x08003112   0x00000002   Code   RO         4762    i.HAL_UART_TxCpltCallback  stm32f1xx_hal_uart.o
    0x08003114   0x08003114   0x00000002   Code   RO         1832    i.HardFault_Handler  stm32f1xx_it.o
    0x08003116   0x08003116   0x00000002   PAD
    0x08003118   0x08003118   0x00000144   Code   RO         1645    i.InitData          usart.o
    0x0800325c   0x0800325c   0x00000070   Code   RO         1156    i.MUSIC_Mode        main.o
    0x080032cc   0x080032cc   0x0000004c   Code   RO         1469    i.MX_ADC1_Init      adc.o
    0x08003318   0x08003318   0x0000004c   Code   RO         1512    i.MX_DMA_Init       dma.o
    0x08003364   0x08003364   0x000000e4   Code   RO         1442    i.MX_GPIO_Init      gpio.o
    0x08003448   0x08003448   0x0000009c   Code   RO         1565    i.MX_TIM3_Init      tim.o
    0x080034e4   0x080034e4   0x00000048   Code   RO         1566    i.MX_TIM6_Init      tim.o
    0x0800352c   0x0800352c   0x00000048   Code   RO         1567    i.MX_TIM7_Init      tim.o
    0x08003574   0x08003574   0x0000006c   Code   RO         1568    i.MX_TIM8_Init      tim.o
    0x080035e0   0x080035e0   0x00000038   Code   RO         1646    i.MX_USART1_UART_Init  usart.o
    0x08003618   0x08003618   0x00000038   Code   RO         1647    i.MX_USART3_UART_Init  usart.o
    0x08003650   0x08003650   0x00000002   Code   RO         1833    i.MemManage_Handler  stm32f1xx_it.o
    0x08003652   0x08003652   0x00000002   Code   RO         1834    i.NMI_Handler       stm32f1xx_it.o
    0x08003654   0x08003654   0x00000074   Code   RO         1157    i.NORMAL_Mode       main.o
    0x080036c8   0x080036c8   0x00000108   Code   RO         1158    i.OFFLINE_Mode      main.o
    0x080037d0   0x080037d0   0x00000002   Code   RO         1835    i.PendSV_Handler    stm32f1xx_it.o
    0x080037d2   0x080037d2   0x00000002   PAD
    0x080037d4   0x080037d4   0x0000007c   Code   RO         1648    i.Recvcmd           usart.o
    0x08003850   0x08003850   0x00000074   Code   RO         1159    i.SLEEP_Mode        main.o
    0x080038c4   0x080038c4   0x00000002   Code   RO         1836    i.SVC_Handler       stm32f1xx_it.o
    0x080038c6   0x080038c6   0x00000004   Code   RO         1837    i.SysTick_Handler   stm32f1xx_it.o
    0x080038ca   0x080038ca   0x00000002   PAD
    0x080038cc   0x080038cc   0x00000048   Code   RO         2086    i.SystemInit        system_stm32f1xx.o
    0x08003914   0x08003914   0x0000000c   Code   RO         1838    i.TIM6_IRQHandler   stm32f1xx_it.o
    0x08003920   0x08003920   0x0000000c   Code   RO         1839    i.TIM7_IRQHandler   stm32f1xx_it.o
    0x0800392c   0x0800392c   0x0000000c   Code   RO         1840    i.TIM8_UP_IRQHandler  stm32f1xx_it.o
    0x08003938   0x08003938   0x00000074   Code   RO         1160    i.TIME_Mode         main.o
    0x080039ac   0x080039ac   0x0000008c   Code   RO         3737    i.TIM_Base_SetConfig  stm32f1xx_hal_tim.o
    0x08003a38   0x08003a38   0x0000001a   Code   RO         3738    i.TIM_CCxChannelCmd  stm32f1xx_hal_tim.o
    0x08003a52   0x08003a52   0x00000014   Code   RO         3744    i.TIM_ETR_SetConfig  stm32f1xx_hal_tim.o
    0x08003a66   0x08003a66   0x00000002   PAD
    0x08003a68   0x08003a68   0x0000006c   Code   RO         3745    i.TIM_OC2_SetConfig  stm32f1xx_hal_tim.o
    0x08003ad4   0x08003ad4   0x00000070   Code   RO         1649    i.Tranfcmd          usart.o
    0x08003b44   0x08003b44   0x00000074   Code   RO         1841    i.USART1_IRQHandler  stm32f1xx_it.o
    0x08003bb8   0x08003bb8   0x00000002   Code   RO         1842    i.UsageFault_Handler  stm32f1xx_it.o
    0x08003bba   0x08003bba   0x00000002   PAD
    0x08003bbc   0x08003bbc   0x00000030   Code   RO         1651    i.UsartCommand      usart.o
    0x08003bec   0x08003bec   0x00000040   Code   RO         1652    i.UsartPrint        usart.o
    0x08003c2c   0x08003c2c   0x00000014   Code   RO         1031    i._Z10SetCurrenthf  motion.o
    0x08003c40   0x08003c40   0x000000a8   Code   RO         1033    i._Z11DampAutoPosv  motion.o
    0x08003ce8   0x08003ce8   0x00000088   Code   RO         1990    i._Z11SK6812_Flowv  sk6812.o
    0x08003d70   0x08003d70   0x00000028   Code   RO         1991    i._Z11SK6812_Initv  sk6812.o
    0x08003d98   0x08003d98   0x000000ac   Code   RO         1993    i._Z12SK6812_Wheelht  sk6812.o
    0x08003e44   0x08003e44   0x0000005e   Code   RO         1994    i._Z12SK6812_Writehhh  sk6812.o
    0x08003ea2   0x08003ea2   0x00000002   PAD
    0x08003ea4   0x08003ea4   0x0000037c   Code   RO         1163    i._Z12TIME_Displayv  main.o
    0x08004220   0x08004220   0x000000cc   Code   RO         1164    i._Z12TIME_Mode_Inv  main.o
    0x080042ec   0x080042ec   0x00000080   Code   RO         1165    i._Z13MUSIC_Displayv  main.o
    0x0800436c   0x0800436c   0x00000020   Code   RO         1166    i._Z13MUSIC_Mode_Inv  main.o
    0x0800438c   0x0800438c   0x000000c4   Code   RO         1996    i._Z13SK6812_send_Hv  sk6812.o
    0x08004450   0x08004450   0x000000c8   Code   RO         1997    i._Z13SK6812_send_Lv  sk6812.o
    0x08004518   0x08004518   0x0000001a   Code   RO         1098    i._Z13STMFLASH_ReadjPtt  stmflash.o
    0x08004532   0x08004532   0x00000002   PAD
    0x08004534   0x08004534   0x000000ac   Code   RO         1168    i._Z13TIME_Mode_Outv  main.o
    0x080045e0   0x080045e0   0x00000128   Code   RO         1169    i._Z13TIME_Mode_Runv  main.o
    0x08004708   0x08004708   0x00000078   Code   RO         1034    i._Z14DampCustormPostf  motion.o
    0x08004780   0x08004780   0x0000028c   Code   RO         1171    i._Z14NORMAL_Displayv  main.o
    0x08004a0c   0x08004a0c   0x00000054   Code   RO         1172    i._Z14NORMAL_Mode_Inv  main.o
    0x08004a60   0x08004a60   0x00000050   Code   RO         1173    i._Z14OFFLINEUI_Initv  main.o
    0x08004ab0   0x08004ab0   0x00000048   Code   RO         1998    i._Z14SK6812_Refrashv  sk6812.o
    0x08004af8   0x08004af8   0x000000e0   Code   RO         1099    i._Z14STMFLASH_WritejPtt  stmflash.o
    0x08004bd8   0x08004bd8   0x00000090   Code   RO         1175    i._Z14TIMESQ_Mode_Inv  main.o
    0x08004c68   0x08004c68   0x00000024   Code   RO         3475    i._Z15FLASH_PageErasej  stm32f1xx_hal_flash_ex.o
    0x08004c8c   0x08004c8c   0x0000004c   Code   RO         1176    i._Z15NORMAL_Mode_Outv  main.o
    0x08004cd8   0x08004cd8   0x00000298   Code   RO         1177    i._Z15NORMAL_Mode_Runv  main.o
    0x08004f70   0x08004f70   0x00000084   Code   RO         1178    i._Z15TIMESQ_Mode_Outv  main.o
    0x08004ff4   0x08004ff4   0x00000062   Code   RO         1179    i._Z18SystemClock_Configv  main.o
    0x08005056   0x08005056   0x00000002   PAD
    0x08005058   0x08005058   0x0000002c   Code   RO         1101    i._Z22STMFLASH_Write_NoCheckjPtt  stmflash.o
    0x08005084   0x08005084   0x00000008   Code   RO         1035    i._Z4absli          motion.o
    0x0800508c   0x0800508c   0x0000002c   Code   RO         1180    i._Z7Mode_Inv       main.o
    0x080050b8   0x080050b8   0x00000058   Code   RO         1654    i._Z7Nix2Numh       usart.o
    0x08005110   0x08005110   0x0000002c   Code   RO         1181    i._Z8Mode_Outv      main.o
    0x0800513c   0x0800513c   0x00000010   Code   RO         1036    i._Z9SetTargethf    motion.o
    0x0800514c   0x0800514c   0x000000b4   Code   RO           13    i._ZN11OLED_Driver10Calc_ColorEv  oled_driver.o
    0x08005200   0x08005200   0x00000030   Code   RO           14    i._ZN11OLED_Driver10Draw_PixelEss  oled_driver.o
    0x08005230   0x08005230   0x00000028   Code   RO           15    i._ZN11OLED_Driver10Draw_PixelEsst  oled_driver.o
    0x08005258   0x08005258   0x00000070   Code   RO           21    i._ZN11OLED_Driver10OLED_NF6x8Eiihh  oled_driver.o
    0x080052c8   0x080052c8   0x0000004c   Code   RO           22    i._ZN11OLED_Driver10Set_WheelfEt  oled_driver.o
    0x08005314   0x08005314   0x0000001c   Code   RO           24    i._ZN11OLED_Driver10Write_DataEh  oled_driver.o
    0x08005330   0x08005330   0x000001c4   Code   RO           26    i._ZN11OLED_Driver11Device_InitEv  oled_driver.o
    0x080054f4   0x080054f4   0x00000034   Code   RO           27    i._ZN11OLED_Driver11Display_bmpEPKh  oled_driver.o
    0x08005528   0x08005528   0x00000084   Code   RO           28    i._ZN11OLED_Driver11Display_bmpEiiiiPKh  oled_driver.o
    0x080055ac   0x080055ac   0x00000074   Code   RO           33    i._ZN11OLED_Driver11OLED_F12x24Eiiht  oled_driver.o
    0x08005620   0x08005620   0x00000074   Code   RO           35    i._ZN11OLED_Driver11OLED_F22x40Eiih  oled_driver.o
    0x08005694   0x08005694   0x00000096   Code   RO           41    i._ZN11OLED_Driver11OLED_SNF6x8EiiPc  oled_driver.o
    0x0800572a   0x0800572a   0x00000036   Code   RO           42    i._ZN11OLED_Driver11RAM_AddressEv  oled_driver.o
    0x08005760   0x08005760   0x00000024   Code   RO           43    i._ZN11OLED_Driver11RandomColorEv  oled_driver.o
    0x08005784   0x08005784   0x00000028   Code   RO           45    i._ZN11OLED_Driver12Clear_ScreenEv  oled_driver.o
    0x080057ac   0x080057ac   0x0000007c   Code   RO           47    i._ZN11OLED_Driver12Display_bbmpEiiiiPKh  oled_driver.o
    0x08005828   0x08005828   0x0000007e   Code   RO           48    i._ZN11OLED_Driver12Display_bbmpEiiiiPKht  oled_driver.o
    0x080058a6   0x080058a6   0x00000036   Code   RO           53    i._ZN11OLED_Driver12OLED_SF12x24EiiPct  oled_driver.o
    0x080058dc   0x080058dc   0x0000003a   Code   RO           55    i._ZN11OLED_Driver12OLED_SF22x40EiiPc  oled_driver.o
    0x08005916   0x08005916   0x00000002   PAD
    0x08005918   0x08005918   0x00000024   Code   RO           60    i._ZN11OLED_Driver13Write_CommandEh  oled_driver.o
    0x0800593c   0x0800593c   0x0000001e   Code   RO           62    i._ZN11OLED_Driver14Draw_FastHLineEsss  oled_driver.o
    0x0800595a   0x0800595a   0x00000026   Code   RO           63    i._ZN11OLED_Driver14Draw_FastHLineEssst  oled_driver.o
    0x08005980   0x08005980   0x0000001e   Code   RO           64    i._ZN11OLED_Driver14Draw_FastVLineEsss  oled_driver.o
    0x0800599e   0x0800599e   0x00000026   Code   RO           65    i._ZN11OLED_Driver14Draw_FastVLineEssst  oled_driver.o
    0x080059c4   0x080059c4   0x00000048   Code   RO           66    i._ZN11OLED_Driver14Refrash_ScreenEv  oled_driver.o
    0x08005a0c   0x08005a0c   0x000000d8   Code   RO           68    i._ZN11OLED_Driver17Display_FadeinAllEPKh  oled_driver.o
    0x08005ae4   0x08005ae4   0x0000008c   Code   RO           70    i._ZN11OLED_Driver18Display_FadeoutAllEv  oled_driver.o
    0x08005b70   0x08005b70   0x0000003a   Code   RO           72    i._ZN11OLED_Driver6WheelPEt  oled_driver.o
    0x08005baa   0x08005baa   0x0000003a   Code   RO           73    i._ZN11OLED_Driver7WheelPwEt  oled_driver.o
    0x08005be4   0x08005be4   0x0000004c   Code   RO           75    i._ZN11OLED_Driver9Set_WheelEt  oled_driver.o
    0x08005c30   0x08005c30   0x00000002   Code   RO           76    i._ZN11OLED_DriverC1Ev  oled_driver.o
    0x08005c32   0x08005c32   0x00000002   PAD
    0x08005c34   0x08005c34   0x00000194   Code   RO          752    i._ZN14OLED_Animation11Motion_MindEv  oled_animation.o
    0x08005dc8   0x08005dc8   0x00000044   Code   RO          753    i._ZN14OLED_Animation11OLED_PlanetEh  oled_animation.o
    0x08005e0c   0x08005e0c   0x00000074   Code   RO          754    i._ZN14OLED_Animation12OLED_MovMindEh  oled_animation.o
    0x08005e80   0x08005e80   0x00000090   Code   RO          755    i._ZN14OLED_Animation13Motion_CircleEv  oled_animation.o
    0x08005f10   0x08005f10   0x0000020c   Code   RO          756    i._ZN14OLED_Animation13Motion_PlanetEv  oled_animation.o
    0x0800611c   0x0800611c   0x00000080   Code   RO          757    i._ZN14OLED_Animation13OLED_TriangleEh  oled_animation.o
    0x0800619c   0x0800619c   0x000000fc   Code   RO          758    i._ZN14OLED_Animation14OLED_AllMotionEht  oled_animation.o
    0x08006298   0x08006298   0x000000a8   Code   RO          759    i._ZN14OLED_Animation14OLED_FucCircleEh  oled_animation.o
    0x08006340   0x08006340   0x0000003c   Code   RO          760    i._ZN14OLED_Animation14OLED_MovmeteorEh  oled_animation.o
    0x0800637c   0x0800637c   0x000000d0   Code   RO          761    i._ZN14OLED_Animation15Motion_MindInitEv  oled_animation.o
    0x0800644c   0x0800644c   0x00000460   Code   RO          762    i._ZN14OLED_Animation15Motion_TriangleEv  oled_animation.o
    0x080068ac   0x080068ac   0x00000224   Code   RO          763    i._ZN14OLED_Animation16Motion_MovmeteorEv  oled_animation.o
    0x08006ad0   0x08006ad0   0x0000018c   Code   RO          764    i._ZN14OLED_Animation16Motion_SnowflakeEv  oled_animation.o
    0x08006c5c   0x08006c5c   0x00000084   Code   RO          765    i._ZN14OLED_Animation17Motion_CircleInitEv  oled_animation.o
    0x08006ce0   0x08006ce0   0x000000a8   Code   RO          766    i._ZN14OLED_Animation17Motion_PlanetInitEv  oled_animation.o
    0x08006d88   0x08006d88   0x00000048   Code   RO          767    i._ZN14OLED_Animation17OLED_MovSnowflakeEh  oled_animation.o
    0x08006dd0   0x08006dd0   0x00000028   Code   RO          768    i._ZN14OLED_Animation18OLED_CustormMotionEh  oled_animation.o
    0x08006df8   0x08006df8   0x00000158   Code   RO          769    i._ZN14OLED_Animation19Motion_TriangleInitEv  oled_animation.o
    0x08006f50   0x08006f50   0x0000002a   Code   RO          770    i._ZN14OLED_Animation19OLED_AllMotion_InitEv  oled_animation.o
    0x08006f7a   0x08006f7a   0x00000002   PAD
    0x08006f7c   0x08006f7c   0x0000009c   Code   RO          771    i._ZN14OLED_Animation20Motion_MovmeteorInitEv  oled_animation.o
    0x08007018   0x08007018   0x00000078   Code   RO          772    i._ZN14OLED_Animation20Motion_SnowflakeInitEv  oled_animation.o
    0x08007090   0x08007090   0x00000002   Code   RO          773    i._ZN14OLED_AnimationC1Ev  oled_animation.o
    0x08007092   0x08007092   0x0000002a   Code   RO         2980    i._ZN41_INTERNAL_19_stm32f1xx_hal_dma_c_c25f65ec13DMA_SetConfigEP19__DMA_HandleTypeDefjjj  stm32f1xx_hal_dma.o
    0x080070bc   0x080070bc   0x00000060   Code   RO         3747    i._ZN41_INTERNAL_19_stm32f1xx_hal_tim_c_a9d95b5217TIM_OC1_SetConfigEP11TIM_TypeDefP18TIM_OC_InitTypeDef  stm32f1xx_hal_tim.o
    0x0800711c   0x0800711c   0x00000068   Code   RO         3748    i._ZN41_INTERNAL_19_stm32f1xx_hal_tim_c_a9d95b5217TIM_OC3_SetConfigEP11TIM_TypeDefP18TIM_OC_InitTypeDef  stm32f1xx_hal_tim.o
    0x08007184   0x08007184   0x00000050   Code   RO         3749    i._ZN41_INTERNAL_19_stm32f1xx_hal_tim_c_a9d95b5217TIM_OC4_SetConfigEP11TIM_TypeDefP18TIM_OC_InitTypeDef  stm32f1xx_hal_tim.o
    0x080071d4   0x080071d4   0x00000010   Code   RO         3752    i._ZN41_INTERNAL_19_stm32f1xx_hal_tim_c_a9d95b5218TIM_ITRx_SetConfigEP11TIM_TypeDefj  stm32f1xx_hal_tim.o
    0x080071e4   0x080071e4   0x00000022   Code   RO         3756    i._ZN41_INTERNAL_19_stm32f1xx_hal_tim_c_a9d95b5224TIM_TI1_ConfigInputStageEP11TIM_TypeDefjj  stm32f1xx_hal_tim.o
    0x08007206   0x08007206   0x00000024   Code   RO         3757    i._ZN41_INTERNAL_19_stm32f1xx_hal_tim_c_a9d95b5224TIM_TI2_ConfigInputStageEP11TIM_TypeDefjj  stm32f1xx_hal_tim.o
    0x0800722a   0x0800722a   0x0000004a   Code   RO         4764    i._ZN42_INTERNAL_20_stm32f1xx_hal_uart_c_d497114f13UART_DMAErrorEP19__DMA_HandleTypeDef  stm32f1xx_hal_uart.o
    0x08007274   0x08007274   0x000000b8   Code   RO         4765    i._ZN42_INTERNAL_20_stm32f1xx_hal_uart_c_d497114f14UART_SetConfigEP20__UART_HandleTypeDef  stm32f1xx_hal_uart.o
    0x0800732c   0x0800732c   0x00000096   Code   RO         4766    i._ZN42_INTERNAL_20_stm32f1xx_hal_uart_c_d497114f15UART_Receive_ITEP20__UART_HandleTypeDef  stm32f1xx_hal_uart.o
    0x080073c2   0x080073c2   0x00000062   Code   RO         4767    i._ZN42_INTERNAL_20_stm32f1xx_hal_uart_c_d497114f16UART_Transmit_ITEP20__UART_HandleTypeDef  stm32f1xx_hal_uart.o
    0x08007424   0x08007424   0x0000000a   Code   RO         4768    i._ZN42_INTERNAL_20_stm32f1xx_hal_uart_c_d497114f18UART_DMARxHalfCpltEP19__DMA_HandleTypeDef  stm32f1xx_hal_uart.o
    0x0800742e   0x0800742e   0x0000001c   Code   RO         4770    i._ZN42_INTERNAL_20_stm32f1xx_hal_uart_c_d497114f18UART_EndRxTransferEP20__UART_HandleTypeDef  stm32f1xx_hal_uart.o
    0x0800744a   0x0800744a   0x00000012   Code   RO         4771    i._ZN42_INTERNAL_20_stm32f1xx_hal_uart_c_d497114f18UART_EndTxTransferEP20__UART_HandleTypeDef  stm32f1xx_hal_uart.o
    0x0800745c   0x0800745c   0x0000003c   Code   RO         4772    i._ZN42_INTERNAL_20_stm32f1xx_hal_uart_c_d497114f19UART_DMAReceiveCpltEP19__DMA_HandleTypeDef  stm32f1xx_hal_uart.o
    0x08007498   0x08007498   0x00000010   Code   RO         4773    i._ZN42_INTERNAL_20_stm32f1xx_hal_uart_c_d497114f20UART_DMAAbortOnErrorEP19__DMA_HandleTypeDef  stm32f1xx_hal_uart.o
    0x080074a8   0x080074a8   0x00000064   Code   RO         4779    i._ZN42_INTERNAL_20_stm32f1xx_hal_uart_c_d497114f27UART_WaitOnFlagUntilTimeoutEP20__UART_HandleTypeDefj10FlagStatusjj  stm32f1xx_hal_uart.o
    0x0800750c   0x0800750c   0x0000005c   Code   RO         3364    i._ZN43_INTERNAL_21_stm32f1xx_hal_flash_c_48aa8f3e18FLASH_SetErrorCodeEv  stm32f1xx_hal_flash.o
    0x08007568   0x08007568   0x0000001c   Code   RO         3365    i._ZN43_INTERNAL_21_stm32f1xx_hal_flash_c_48aa8f3e22FLASH_Program_HalfWordEjt  stm32f1xx_hal_flash.o
    0x08007584   0x08007584   0x00000020   Code   RO         3091    i._ZN44_INTERNAL_22_stm32f1xx_hal_cortex_c_2992dbc018__NVIC_SetPriorityE9IRQn_Typej  stm32f1xx_hal_cortex.o
    0x080075a4   0x080075a4   0x000000e8   Code   RO          941    i._ZN8OLED_FFT14Display_Style1Ev  oled_fft.o
    0x0800768c   0x0800768c   0x00000180   Code   RO          942    i._ZN8OLED_FFT14Display_Style2Ev  oled_fft.o
    0x0800780c   0x0800780c   0x000001a0   Code   RO          943    i._ZN8OLED_FFT14Display_Style3Ev  oled_fft.o
    0x080079ac   0x080079ac   0x00000108   Code   RO          944    i._ZN8OLED_FFT14Display_Style4Ev  oled_fft.o
    0x08007ab4   0x08007ab4   0x000000f8   Code   RO          945    i._ZN8OLED_FFT14Display_Style5Ev  oled_fft.o
    0x08007bac   0x08007bac   0x0000095c   Code   RO          946    i._ZN8OLED_FFT14Display_Style6Ev  oled_fft.o
    0x08008508   0x08008508   0x00000002   Code   RO          947    i._ZN8OLED_FFTC1Ev  oled_fft.o
    0x0800850a   0x0800850a   0x00000056   Code   RO          529    i._ZN8OLED_GFX10Draw_LineSEPsh  oled_gfx.o
    0x08008560   0x08008560   0x000000ae   Code   RO          531    i._ZN8OLED_GFX10Write_LineEssss  oled_gfx.o
    0x0800860e   0x0800860e   0x000000b0   Code   RO          532    i._ZN8OLED_GFX10Write_LineEsssst  oled_gfx.o
    0x080086be   0x080086be   0x0000014a   Code   RO          533    i._ZN8OLED_GFX11Draw_CircleEsss  oled_gfx.o
    0x08008808   0x08008808   0x00000162   Code   RO          535    i._ZN8OLED_GFX11Draw_CircleEssst  oled_gfx.o
    0x0800896a   0x0800896a   0x0000003e   Code   RO          537    i._ZN8OLED_GFX11Fill_CircleEssst  oled_gfx.o
    0x080089a8   0x080089a8   0x00000040   Code   RO          541    i._ZN8OLED_GFX13Draw_TriangleEsssssst  oled_gfx.o
    0x080089e8   0x080089e8   0x000000ea   Code   RO          547    i._ZN8OLED_GFX17FillCircle_HelperEssshst  oled_gfx.o
    0x08008ad2   0x08008ad2   0x00000054   Code   RO          551    i._ZN8OLED_GFX9Draw_LineEssss  oled_gfx.o
    0x08008b26   0x08008b26   0x00000002   PAD
    0x08008b28   0x08008b28   0x00000200   Code   RO          552    i._ZN8OLED_GFX9Draw_LineEssssht  oled_gfx.o
    0x08008d28   0x08008d28   0x00000054   Code   RO          553    i._ZN8OLED_GFX9Draw_LineEsssst  oled_gfx.o
    0x08008d7c   0x08008d7c   0x0000005a   Code   RO          554    i._ZN8OLED_GFX9Draw_RectEssss  oled_gfx.o
    0x08008dd6   0x08008dd6   0x00000002   PAD
    0x08008dd8   0x08008dd8   0x0000006a   Code   RO          557    i._ZN8OLED_GFX9Fill_RectEttttt  oled_gfx.o
    0x08008e42   0x08008e42   0x00000002   PAD
    0x08008e44   0x08008e44   0x0000001c   Code   RO          558    i._ZN8OLED_GFXC1Ev  oled_gfx.o
    0x08008e60   0x08008e60   0x00000028   Code   RO          559    i._ZN8OLED_GFXC2Ev  oled_gfx.o
    0x08008e88   0x08008e88   0x00000004   Code   RO          912    i._ZSt3cosf         oled_animation.o
    0x08008e8c   0x08008e8c   0x00000004   Code   RO          906    i._ZSt3sinf         oled_animation.o
    0x08008e90   0x08008e90   0x00000020   Code   RO         5468    i.__0printf         mc_w.l(printfa.o)
    0x08008eb0   0x08008eb0   0x00000028   Code   RO         5470    i.__0sprintf        mc_w.l(printfa.o)
    0x08008ed8   0x08008ed8   0x00000026   Code   RO         5548    i.__ARM_fpclassifyf  m_ws.l(fpclassifyf.o)
    0x08008efe   0x08008efe   0x00000006   Code   RO         5551    i.__mathlib_flt_infnan  m_ws.l(funder.o)
    0x08008f04   0x08008f04   0x00000008   Code   RO         5553    i.__mathlib_flt_invalid  m_ws.l(funder.o)
    0x08008f0c   0x08008f0c   0x0000000a   Code   RO         5556    i.__mathlib_flt_underflow  m_ws.l(funder.o)
    0x08008f16   0x08008f16   0x00000002   PAD
    0x08008f18   0x08008f18   0x00000168   Code   RO         5564    i.__mathlib_rredf2  m_ws.l(rredf.o)
    0x08009080   0x08009080   0x0000000e   Code   RO         5667    i.__scatterload_copy  mc_w.l(handlers.o)
    0x0800908e   0x0800908e   0x00000002   Code   RO         5668    i.__scatterload_null  mc_w.l(handlers.o)
    0x08009090   0x08009090   0x0000000e   Code   RO         5669    i.__scatterload_zeroinit  mc_w.l(handlers.o)
    0x0800909e   0x0800909e   0x00000002   PAD
    0x080090a0   0x080090a0   0x0000000c   Code   RO         5592    i.__set_errno       mc_w.l(errno.o)
    0x080090ac   0x080090ac   0x00000020   Code   RO         1182    i.__sti___6_main_c_413d5c0c  main.o
    0x080090cc   0x080090cc   0x00000184   Code   RO         5475    i._fp_digits        mc_w.l(printfa.o)
    0x08009250   0x08009250   0x000006dc   Code   RO         5476    i._printf_core      mc_w.l(printfa.o)
    0x0800992c   0x0800992c   0x00000024   Code   RO         5477    i._printf_post_padding  mc_w.l(printfa.o)
    0x08009950   0x08009950   0x0000002e   Code   RO         5478    i._printf_pre_padding  mc_w.l(printfa.o)
    0x0800997e   0x0800997e   0x0000000a   Code   RO         5480    i._sputc            mc_w.l(printfa.o)
    0x08009988   0x08009988   0x00000008   Code   RO          948    i.abs2              oled_fft.o
    0x08009990   0x08009990   0x0000000e   Code   RO         1655    i.cont_str          usart.o
    0x0800999e   0x0800999e   0x00000002   PAD
    0x080099a0   0x080099a0   0x0000017c   Code   RO         5210    i.cosf              m_ws.l(cosf.o)
    0x08009b1c   0x08009b1c   0x00000018   Code   RO         1656    i.fputc             usart.o
    0x08009b34   0x08009b34   0x0000018c   Code   RO         1183    i.main              main.o
    0x08009cc0   0x08009cc0   0x00000188   Code   RO         5218    i.sinf              m_ws.l(sinf.o)
    0x08009e48   0x08009e48   0x00001eb6   Data   RO          142    .constdata          oled_driver.o
    0x0800bcfe   0x0800bcfe   0x0003b6f1   Data   RO         1216    .constdata          main.o
    0x080473ef   0x080473ef   0x00000010   Data   RO         2089    .constdata          system_stm32f1xx.o
    0x080473ff   0x080473ff   0x00000008   Data   RO         2090    .constdata          system_stm32f1xx.o
    0x08047407   0x08047407   0x00000001   PAD
    0x08047408   0x08047408   0x00000020   Data   RO         5565    .constdata          m_ws.l(rredf.o)
    0x08047428   0x08047428   0x00000004   Data   RO          728    .constdata__ZTV8OLED_GFX  oled_gfx.o
    0x0804742c   0x0804742c   0x0000000c   Data   RO          730    .constdata__ZTV8OLED_GFX  oled_gfx.o
    0x08047438   0x08047438   0x0000001c   Data   RO         1681    .conststring        usart.o
    0x08047454   0x08047454   0x00000020   Data   RO         5665    Region$$Table       anon$$obj.o
    0x08047474   0x08047474   0x00000004   Data   RO         1226    .init_array         main.o
    0x08047478   0x08047474   0x00000000   Data   RO         5497    .init_array         mc_w.l(cpp_init.o)


    Execution Region RW_IRAM1 (Exec base: 0x20000000, Load base: 0x08047478, Size: 0x0000adc8, Max: 0x00010000, ABSOLUTE, COMPRESSED[0x00000058])

    Exec Addr    Load Addr    Size         Type   Attr      Idx    E Section Name        Object

    0x20000000   COMPRESSED   0x0000000c   Data   RW          143    .data               oled_driver.o
    0x2000000c   COMPRESSED   0x00000003   Data   RW          592    .data               oled_gfx.o
    0x2000000f   COMPRESSED   0x00000001   PAD
    0x20000010   COMPRESSED   0x00000014   Data   RW          798    .data               oled_animation.o
    0x20000024   COMPRESSED   0x00000018   Data   RW          958    .data               oled_fft.o
    0x2000003c   COMPRESSED   0x00000030   Data   RW         1217    .data               main.o
    0x2000006c   COMPRESSED   0x00000173   Data   RW         1682    .data               usart.o
    0x200001df   COMPRESSED   0x00000001   PAD
    0x200001e0   COMPRESSED   0x00000002   Data   RW         1683    .data               usart.o
    0x200001e2   COMPRESSED   0x00000002   PAD
    0x200001e4   COMPRESSED   0x00000004   Data   RW         2011    .data               sk6812.o
    0x200001e8   COMPRESSED   0x00000004   Data   RW         2091    .data               system_stm32f1xx.o
    0x200001ec   COMPRESSED   0x0000000c   Data   RW         2590    .data               stm32f1xx_hal.o
    0x200001f8   COMPRESSED   0x00000004   Data   RW         5231    .data               mc_w.l(rand.o)
    0x200001fc   COMPRESSED   0x00000004   Data   RW         5581    .data               mc_w.l(stdout.o)
    0x20000200   COMPRESSED   0x00000004   Data   RW         5593    .data               mc_w.l(errno.o)
    0x20000204        -       0x00008100   Zero   RW          141    .bss                oled_driver.o
    0x20008304        -       0x0000072c   Zero   RW          797    .bss                oled_animation.o
    0x20008a30        -       0x00000e58   Zero   RW          957    .bss                oled_fft.o
    0x20009888        -       0x00000240   Zero   RW         1043    .bss                motion.o
    0x20009ac8        -       0x00000800   Zero   RW         1107    .bss                stmflash.o
    0x2000a2c8        -       0x00000014   Zero   RW         1215    .bss                main.o
    0x2000a2dc        -       0x00000030   Zero   RW         1473    .bss                adc.o
    0x2000a30c        -       0x00000100   Zero   RW         1576    .bss                tim.o
    0x2000a40c        -       0x000000fa   Zero   RW         1679    .bss                usart.o
    0x2000a506   COMPRESSED   0x00000002   PAD
    0x2000a508        -       0x000003dc   Zero   RW         1680    .bss                usart.o
    0x2000a8e4        -       0x000000c0   Zero   RW         2010    .bss                sk6812.o
    0x2000a9a4   COMPRESSED   0x00000004   PAD
    0x2000a9a8        -       0x00000020   Zero   RW         3380    .bss                stm32f1xx_hal_flash.o
    0x2000a9c8        -       0x00000400   Zero   RW            1    STACK               startup_stm32f103xe.o


==============================================================================

Image component sizes


      Code (inc. data)   RO Data    RW Data    ZI Data      Debug   Object Name

       164         20          0          0         48       1629   adc.o
        76          4          0          0          0        782   dma.o
       228         16          0          0          0        999   gpio.o
      5284        738     243445         48         20      29555   main.o
       332         18          0          0        576       3897   motion.o
      5220        376          0         20       1836      18892   oled_animation.o
      2788        102       7862         12      33024     525960   oled_driver.o
      3950        196          0         24       3672      17829   oled_fft.o
      2424         14         16          3          0      22749   oled_gfx.o
       910         42          0          4        192       4611   sk6812.o
        36          8        304          0       1024        796   startup_stm32f103xe.o
       164         28          0         12          0       6473   stm32f1xx_hal.o
       616         28          0          0          0       3340   stm32f1xx_hal_adc.o
       198         14          0          0          0      28903   stm32f1xx_hal_cortex.o
      1236         52          0          0          0       5094   stm32f1xx_hal_dma.o
       392         46          0          0         32       4698   stm32f1xx_hal_flash.o
        36          8          0          0          0       1845   stm32f1xx_hal_flash_ex.o
       514         42          0          0          0       2908   stm32f1xx_hal_gpio.o
        60          8          0          0          0        878   stm32f1xx_hal_msp.o
      1272         98          0          0          0       5172   stm32f1xx_hal_rcc.o
       236         12          0          0          0       1392   stm32f1xx_hal_rcc_ex.o
      1702         66          0          0          0      16237   stm32f1xx_hal_tim.o
        70          0          0          0          0       2345   stm32f1xx_hal_tim_ex.o
      1684         26          0          0          0      14290   stm32f1xx_hal_uart.o
       208         58          0          0          0       7561   stm32f1xx_it.o
       294          8          0          0       2048       3009   stmflash.o
        72         16         24          4          0     497819   system_stm32f1xx.o
       672         76          0          0        256       4187   tim.o
      3354        496         28        373       1238      17113   usart.o

    ----------------------------------------------------------------------
     34236       2616     251712        504      43972    1250963   Object Totals
         0          0         32          0          0          0   (incl. Generated)
        44          0          1          4          6          0   (incl. Padding)

    ----------------------------------------------------------------------

      Code (inc. data)   RO Data    RW Data    ZI Data      Debug   Library Member Name

       380         52          0          0          0        124   cosf.o
        38          0          0          0          0         68   fpclassifyf.o
        24          0          0          0          0        204   funder.o
       360         16         32          0          0         88   rredf.o
       392         54          0          0          0        124   sinf.o
        86          0          0          0          0          0   __dczerorl2.o
        32         10          0          0          0         80   cpp_init.o
         0          0          0          0          0          0   entry.o
         0          0          0          0          0          0   entry10a.o
         0          0          0          0          0          0   entry11a.o
         8          4          0          0          0          0   entry2.o
         4          0          0          0          0          0   entry5.o
         0          0          0          0          0          0   entry7b.o
         4          0          0          0          0          0   entry8a.o
         0          0          0          0          0          0   entry8b.o
         8          4          0          0          0          0   entry9a.o
        12          6          0          4          0         68   errno.o
        30          0          0          0          0          0   handlers.o
        36          8          0          0          0         68   init.o
         0          0          0          0          0          0   iusefp.o
        30          0          0          0          0         68   llshl.o
        36          0          0          0          0         68   llsshr.o
        32          0          0          0          0         68   llushr.o
        36          0          0          0          0        108   memseta.o
      2308         96          0          0          0        604   printfa.o
        36         10          0          4          0        136   rand.o
         0          0          0          4          0          0   stdout.o
        44          0          0          0          0         80   uidiv.o
        98          0          0          0          0         92   uldiv.o
        48          0          0          0          0         68   cdrcmple.o
        20          0          0          0          0         68   cfcmple.o
        20          0          0          0          0         68   cfrcmple.o
        56          0          0          0          0         88   d2f.o
       334          0          0          0          0        148   dadd.o
       222          0          0          0          0        100   ddiv.o
       186          0          0          0          0        176   depilogue.o
        48          0          0          0          0         68   dfixul.o
        26          0          0          0          0         76   dfltui.o
       228          0          0          0          0         96   dmul.o
        38          0          0          0          0         68   f2d.o
       176          0          0          0          0        140   fadd.o
       124          0          0          0          0         88   fdiv.o
       110          0          0          0          0        168   fepilogue.o
        50          0          0          0          0         68   ffixi.o
        40          0          0          0          0         68   ffixui.o
        18          0          0          0          0         68   fflti.o
        10          0          0          0          0         68   ffltui.o
       100          0          0          0          0         76   fmul.o
        60          0          0          0          0         76   frnd.o
        24          0          0          0          0         68   fscalb.o

    ----------------------------------------------------------------------
      5980        260         32         12          0       3960   Library Totals
         8          0          0          0          0          0   (incl. Padding)

    ----------------------------------------------------------------------

      Code (inc. data)   RO Data    RW Data    ZI Data      Debug   Library Name

      1194        122         32          0          0        608   m_ws.l
      2840        138          0         12          0       1440   mc_w.l
      1938          0          0          0          0       1912   mf_w.l

    ----------------------------------------------------------------------
      5980        260         32         12          0       3960   Library Totals

    ----------------------------------------------------------------------

==============================================================================


      Code (inc. data)   RO Data    RW Data    ZI Data      Debug   

     40216       2876     251744        516      43972    1240387   Grand Totals
     40216       2876     251744         88      43972    1240387   ELF Image Totals (compressed)
     40216       2876     251744         88          0          0   ROM Totals

==============================================================================

    Total RO  Size (Code + RO Data)               291960 ( 285.12kB)
    Total RW  Size (RW Data + ZI Data)             44488 (  43.45kB)
    Total ROM Size (Code + RO Data + RW Data)     292048 ( 285.20kB)

==============================================================================

